

================================================================
== Vivado HLS Report for 'AXIvideo2Mat'
================================================================
* Date:           Fri May 29 14:36:52 2020

* Version:        2019.1 (Build 2552052 on Fri May 24 15:28:33 MDT 2019)
* Project:        sobel_edge
* Solution:       solution1
* Product family: zynquplus
* Target device:  xczu3eg-sbva484-1-e


================================================================
== Performance Estimates
================================================================
+ Timing (ns): 
    * Summary: 
    +--------+-------+----------+------------+
    |  Clock | Target| Estimated| Uncertainty|
    +--------+-------+----------+------------+
    |ap_clk  |  10.00|     4.334|        1.25|
    +--------+-------+----------+------------+

+ Latency (clock cycles): 
    * Summary: 
    +-----+---------+-----+---------+---------+
    |    Latency    |    Interval   | Pipeline|
    | min |   max   | min |   max   |   Type  |
    +-----+---------+-----+---------+---------+
    |    3|  2079003|    3|  2079003|   none  |
    +-----+---------+-----+---------+---------+

    + Detail: 
        * Instance: 
        N/A

        * Loop: 
        +-----------------------+-----+---------+----------+-----------+-----------+----------+----------+
        |                       |    Latency    | Iteration|  Initiation Interval  |   Trip   |          |
        |       Loop Name       | min |   max   |  Latency |  achieved |   target  |   Count  | Pipelined|
        +-----------------------+-----+---------+----------+-----------+-----------+----------+----------+
        |- loop_wait_for_start  |    0|        0|         1|          1|          1|         0|    yes   |
        |- loop_height          |    0|  2079000| 5 ~ 1925 |          -|          -| 0 ~ 1080 |    no    |
        | + loop_width          |    0|     1920|         2|          1|          1| 0 ~ 1920 |    yes   |
        | + loop_wait_for_eol   |    0|        0|         1|          1|          1|         0|    yes   |
        +-----------------------+-----+---------+----------+-----------+-----------+----------+----------+

============================================================
+ Verbose Summary: Synthesis Manager
============================================================
InlineROM: 1
ExposeGlobal: 0
============================================================
+ Verbose Summary: CDFG Model
============================================================
IsTopModel: 0
ResetActiveHigh: 1
IsCombinational: 2
IsDatapathOnly: 0
HasWiredReturn: 1
HasMFsm: 0
HasVarLatency: 1
IsPipeline: 0
IsRtlPipelined: 0
IsInstanceOverlapped: 0
IsDontTouch: 0
HasImplIP: 0
IsGatedGlobalClock: 0

+ Individual pipeline summary: 
  * Pipeline-0: initiation interval (II) = 1, depth = 1
  * Pipeline-1: initiation interval (II) = 1, depth = 2
  * Pipeline-2: initiation interval (II) = 1, depth = 1


============================================================
+ Verbose Summary: Schedule
============================================================
* Number of FSM states : 9
* Pipeline : 3
  Pipeline-0 : II = 1, D = 1, States = { 2 }
  Pipeline-1 : II = 1, D = 2, States = { 5 6 }
  Pipeline-2 : II = 1, D = 1, States = { 8 }
* Dataflow Pipeline: 0

* FSM state transitions: 
1 --> 2 
2 --> 3 2 
3 --> 4 
4 --> 5 
5 --> 7 6 
6 --> 5 
7 --> 8 
8 --> 9 8 
9 --> 4 

* FSM state operations: 

State 1 <SV = 0> <Delay = 4.33>
ST_1 : Operation 10 [1/1] (0.00ns)   --->   "call void (...)* @_ssdm_op_SpecInterface(i8* %img_data_stream_2_V, [8 x i8]* @ap_fifo_str, i32 0, i32 0, [1 x i8]* @p_str314, i32 0, i32 0, [1 x i8]* @p_str315, [1 x i8]* @p_str316, [1 x i8]* @p_str317, i32 2, i32 2, i32 16, i32 16, [1 x i8]* @p_str318, [1 x i8]* @p_str319)"   --->   Operation 10 'specinterface' <Predicate = true> <Delay = 0.00>
ST_1 : Operation 11 [1/1] (0.00ns)   --->   "call void (...)* @_ssdm_op_SpecInterface(i8* %img_data_stream_1_V, [8 x i8]* @ap_fifo_str, i32 0, i32 0, [1 x i8]* @p_str307, i32 0, i32 0, [1 x i8]* @p_str308, [1 x i8]* @p_str309, [1 x i8]* @p_str310, i32 2, i32 2, i32 16, i32 16, [1 x i8]* @p_str311, [1 x i8]* @p_str312)"   --->   Operation 11 'specinterface' <Predicate = true> <Delay = 0.00>
ST_1 : Operation 12 [1/1] (0.00ns)   --->   "call void (...)* @_ssdm_op_SpecInterface(i8* %img_data_stream_0_V, [8 x i8]* @ap_fifo_str, i32 0, i32 0, [1 x i8]* @p_str300, i32 0, i32 0, [1 x i8]* @p_str301, [1 x i8]* @p_str302, [1 x i8]* @p_str303, i32 2, i32 2, i32 16, i32 16, [1 x i8]* @p_str304, [1 x i8]* @p_str305)"   --->   Operation 12 'specinterface' <Predicate = true> <Delay = 0.00>
ST_1 : Operation 13 [1/1] (0.00ns)   --->   "call void (...)* @_ssdm_op_SpecInterface(i24* %AXI_video_strm_V_data_V, i3* %AXI_video_strm_V_keep_V, i3* %AXI_video_strm_V_strb_V, i1* %AXI_video_strm_V_user_V, i1* %AXI_video_strm_V_last_V, i1* %AXI_video_strm_V_id_V, i1* %AXI_video_strm_V_dest_V, [5 x i8]* @p_str, i32 1, i32 1, [5 x i8]* @p_str1, i32 0, i32 0, [1 x i8]* @p_str2, [1 x i8]* @p_str2, [1 x i8]* @p_str2, i32 0, i32 0, i32 0, i32 0, [1 x i8]* @p_str2, [1 x i8]* @p_str2) nounwind"   --->   Operation 13 'specinterface' <Predicate = true> <Delay = 0.00>
ST_1 : Operation 14 [1/1] (0.00ns)   --->   "call void (...)* @_ssdm_op_SpecInterface(i24* %AXI_video_strm_V_data_V, i3* %AXI_video_strm_V_keep_V, i3* %AXI_video_strm_V_strb_V, i1* %AXI_video_strm_V_user_V, i1* %AXI_video_strm_V_last_V, i1* %AXI_video_strm_V_id_V, i1* %AXI_video_strm_V_dest_V, [5 x i8]* @p_str, i32 1, i32 1, [5 x i8]* @p_str1, i32 0, i32 0, [1 x i8]* @p_str2, [1 x i8]* @p_str2, [1 x i8]* @p_str2, i32 0, i32 0, i32 0, i32 0, [1 x i8]* @p_str2, [1 x i8]* @p_str2) nounwind"   --->   Operation 14 'specinterface' <Predicate = true> <Delay = 0.00>
ST_1 : Operation 15 [1/1] (0.00ns)   --->   "call void (...)* @_ssdm_op_SpecInterface(i24* %AXI_video_strm_V_data_V, i3* %AXI_video_strm_V_keep_V, i3* %AXI_video_strm_V_strb_V, i1* %AXI_video_strm_V_user_V, i1* %AXI_video_strm_V_last_V, i1* %AXI_video_strm_V_id_V, i1* %AXI_video_strm_V_dest_V, [5 x i8]* @p_str, i32 1, i32 1, [5 x i8]* @p_str1, i32 0, i32 0, [1 x i8]* @p_str2, [1 x i8]* @p_str2, [1 x i8]* @p_str2, i32 0, i32 0, i32 0, i32 0, [1 x i8]* @p_str2, [1 x i8]* @p_str2) nounwind"   --->   Operation 15 'specinterface' <Predicate = true> <Delay = 0.00>
ST_1 : Operation 16 [1/1] (0.00ns)   --->   "call void (...)* @_ssdm_op_SpecInterface(i24* %AXI_video_strm_V_data_V, i3* %AXI_video_strm_V_keep_V, i3* %AXI_video_strm_V_strb_V, i1* %AXI_video_strm_V_user_V, i1* %AXI_video_strm_V_last_V, i1* %AXI_video_strm_V_id_V, i1* %AXI_video_strm_V_dest_V, [5 x i8]* @p_str, i32 1, i32 1, [5 x i8]* @p_str1, i32 0, i32 0, [1 x i8]* @p_str2, [1 x i8]* @p_str2, [1 x i8]* @p_str2, i32 0, i32 0, i32 0, i32 0, [1 x i8]* @p_str2, [1 x i8]* @p_str2) nounwind"   --->   Operation 16 'specinterface' <Predicate = true> <Delay = 0.00>
ST_1 : Operation 17 [1/1] (0.00ns)   --->   "call void (...)* @_ssdm_op_SpecInterface(i24* %AXI_video_strm_V_data_V, i3* %AXI_video_strm_V_keep_V, i3* %AXI_video_strm_V_strb_V, i1* %AXI_video_strm_V_user_V, i1* %AXI_video_strm_V_last_V, i1* %AXI_video_strm_V_id_V, i1* %AXI_video_strm_V_dest_V, [5 x i8]* @p_str, i32 1, i32 1, [5 x i8]* @p_str1, i32 0, i32 0, [1 x i8]* @p_str2, [1 x i8]* @p_str2, [1 x i8]* @p_str2, i32 0, i32 0, i32 0, i32 0, [1 x i8]* @p_str2, [1 x i8]* @p_str2) nounwind"   --->   Operation 17 'specinterface' <Predicate = true> <Delay = 0.00>
ST_1 : Operation 18 [1/1] (0.00ns)   --->   "call void (...)* @_ssdm_op_SpecInterface(i24* %AXI_video_strm_V_data_V, i3* %AXI_video_strm_V_keep_V, i3* %AXI_video_strm_V_strb_V, i1* %AXI_video_strm_V_user_V, i1* %AXI_video_strm_V_last_V, i1* %AXI_video_strm_V_id_V, i1* %AXI_video_strm_V_dest_V, [5 x i8]* @p_str, i32 1, i32 1, [5 x i8]* @p_str1, i32 0, i32 0, [1 x i8]* @p_str2, [1 x i8]* @p_str2, [1 x i8]* @p_str2, i32 0, i32 0, i32 0, i32 0, [1 x i8]* @p_str2, [1 x i8]* @p_str2) nounwind"   --->   Operation 18 'specinterface' <Predicate = true> <Delay = 0.00>
ST_1 : Operation 19 [1/1] (0.00ns)   --->   "call void (...)* @_ssdm_op_SpecInterface(i24* %AXI_video_strm_V_data_V, i3* %AXI_video_strm_V_keep_V, i3* %AXI_video_strm_V_strb_V, i1* %AXI_video_strm_V_user_V, i1* %AXI_video_strm_V_last_V, i1* %AXI_video_strm_V_id_V, i1* %AXI_video_strm_V_dest_V, [5 x i8]* @p_str, i32 1, i32 1, [5 x i8]* @p_str1, i32 0, i32 0, [1 x i8]* @p_str2, [1 x i8]* @p_str2, [1 x i8]* @p_str2, i32 0, i32 0, i32 0, i32 0, [1 x i8]* @p_str2, [1 x i8]* @p_str2) nounwind"   --->   Operation 19 'specinterface' <Predicate = true> <Delay = 0.00>
ST_1 : Operation 20 [1/1] (0.00ns)   --->   "call void (...)* @_ssdm_op_SpecInterface(i12* %img_cols_V, [8 x i8]* @ap_fifo_str, i32 0, i32 0, [1 x i8]* @p_str449, i32 0, i32 0, [1 x i8]* @p_str450, [1 x i8]* @p_str451, [1 x i8]* @p_str452, i32 2, i32 2, i32 16, i32 16, [1 x i8]* @p_str453, [11 x i8]* @ScalarProp_str)"   --->   Operation 20 'specinterface' <Predicate = true> <Delay = 0.00>
ST_1 : Operation 21 [1/1] (0.00ns)   --->   "call void (...)* @_ssdm_op_SpecInterface(i12* %img_rows_V, [8 x i8]* @ap_fifo_str, i32 0, i32 0, [1 x i8]* @p_str444, i32 0, i32 0, [1 x i8]* @p_str445, [1 x i8]* @p_str446, [1 x i8]* @p_str447, i32 2, i32 2, i32 16, i32 16, [1 x i8]* @p_str448, [11 x i8]* @ScalarProp_str)"   --->   Operation 21 'specinterface' <Predicate = true> <Delay = 0.00>
ST_1 : Operation 22 [1/1] (2.16ns)   --->   "%img_rows_V_read = call i12 @_ssdm_op_Read.ap_fifo.i12P(i12* %img_rows_V)" [C:/Xilinx/Vivado/2019.1/common/technology/autopilot/hls/hls_video_core.h:589->C:/Xilinx/Vivado/2019.1/common/technology/autopilot/hls/hls_video_core.h:717->C:/Xilinx/Vivado/2019.1/common/technology/autopilot/hls/hls_video_io.h:94]   --->   Operation 22 'read' 'img_rows_V_read' <Predicate = true> <Delay = 2.16> <Core = "FIFO">   --->   Core 32 'FIFO' <Latency = 0> <II = 1> <Delay = 2.16> <Storage> <Opcode : 'read' 'write' 'nbread' 'nbwrite'> <Ports = 0> <Width = 12> <Depth = 2> <FIFO>
ST_1 : Operation 23 [1/1] (2.16ns)   --->   "%img_cols_V_read = call i12 @_ssdm_op_Read.ap_fifo.i12P(i12* %img_cols_V)" [C:/Xilinx/Vivado/2019.1/common/technology/autopilot/hls/hls_video_core.h:589->C:/Xilinx/Vivado/2019.1/common/technology/autopilot/hls/hls_video_core.h:717->C:/Xilinx/Vivado/2019.1/common/technology/autopilot/hls/hls_video_io.h:94]   --->   Operation 23 'read' 'img_cols_V_read' <Predicate = true> <Delay = 2.16> <Core = "FIFO">   --->   Core 32 'FIFO' <Latency = 0> <II = 1> <Delay = 2.16> <Storage> <Opcode : 'read' 'write' 'nbread' 'nbwrite'> <Ports = 0> <Width = 12> <Depth = 2> <FIFO>
ST_1 : Operation 24 [1/1] (0.00ns)   --->   "call void (...)* @_ssdm_op_SpecInterface(i12* %img_rows_V_out, [8 x i8]* @ap_fifo_str, i32 0, i32 0, [1 x i8]* @p_str454, i32 0, i32 0, [1 x i8]* @p_str455, [1 x i8]* @p_str456, [1 x i8]* @p_str457, i32 2, i32 2, i32 16, i32 16, [1 x i8]* @p_str458, [11 x i8]* @ScalarProp_str)"   --->   Operation 24 'specinterface' <Predicate = true> <Delay = 0.00>
ST_1 : Operation 25 [1/1] (2.16ns)   --->   "call void @_ssdm_op_Write.ap_fifo.i12P(i12* %img_rows_V_out, i12 %img_rows_V_read)" [C:/Xilinx/Vivado/2019.1/common/technology/autopilot/hls/hls_video_core.h:589->C:/Xilinx/Vivado/2019.1/common/technology/autopilot/hls/hls_video_core.h:717->C:/Xilinx/Vivado/2019.1/common/technology/autopilot/hls/hls_video_io.h:94]   --->   Operation 25 'write' <Predicate = true> <Delay = 2.16> <Core = "FIFO">   --->   Core 32 'FIFO' <Latency = 0> <II = 1> <Delay = 2.16> <Storage> <Opcode : 'read' 'write' 'nbread' 'nbwrite'> <Ports = 0> <Width = 12> <Depth = 2> <FIFO>
ST_1 : Operation 26 [1/1] (0.00ns)   --->   "call void (...)* @_ssdm_op_SpecInterface(i12* %img_cols_V_out, [8 x i8]* @ap_fifo_str, i32 0, i32 0, [1 x i8]* @p_str459, i32 0, i32 0, [1 x i8]* @p_str460, [1 x i8]* @p_str461, [1 x i8]* @p_str462, i32 2, i32 2, i32 16, i32 16, [1 x i8]* @p_str463, [11 x i8]* @ScalarProp_str)"   --->   Operation 26 'specinterface' <Predicate = true> <Delay = 0.00>
ST_1 : Operation 27 [1/1] (2.16ns)   --->   "call void @_ssdm_op_Write.ap_fifo.i12P(i12* %img_cols_V_out, i12 %img_cols_V_read)" [C:/Xilinx/Vivado/2019.1/common/technology/autopilot/hls/hls_video_core.h:589->C:/Xilinx/Vivado/2019.1/common/technology/autopilot/hls/hls_video_core.h:717->C:/Xilinx/Vivado/2019.1/common/technology/autopilot/hls/hls_video_io.h:94]   --->   Operation 27 'write' <Predicate = true> <Delay = 2.16> <Core = "FIFO">   --->   Core 32 'FIFO' <Latency = 0> <II = 1> <Delay = 2.16> <Storage> <Opcode : 'read' 'write' 'nbread' 'nbwrite'> <Ports = 0> <Width = 12> <Depth = 2> <FIFO>
ST_1 : Operation 28 [1/1] (0.00ns)   --->   "call void (...)* @_ssdm_op_SpecInterface(i24* %AXI_video_strm_V_data_V, i3* %AXI_video_strm_V_keep_V, i3* %AXI_video_strm_V_strb_V, i1* %AXI_video_strm_V_user_V, i1* %AXI_video_strm_V_last_V, i1* %AXI_video_strm_V_id_V, i1* %AXI_video_strm_V_dest_V, [5 x i8]* @p_str, i32 1, i32 1, [5 x i8]* @p_str1, i32 0, i32 0, [1 x i8]* @p_str2, [1 x i8]* @p_str2, [1 x i8]* @p_str2, i32 0, i32 0, i32 0, i32 0, [1 x i8]* @p_str2, [1 x i8]* @p_str2) nounwind"   --->   Operation 28 'specinterface' <Predicate = true> <Delay = 0.00>
ST_1 : Operation 29 [1/1] (0.00ns)   --->   "%rows_V = sext i12 %img_rows_V_read to i32" [C:/Xilinx/Vivado/2019.1/common/technology/autopilot/hls/hls_video_io.h:60]   --->   Operation 29 'sext' 'rows_V' <Predicate = true> <Delay = 0.00>
ST_1 : Operation 30 [1/1] (0.00ns)   --->   "%cols_V = sext i12 %img_cols_V_read to i32" [C:/Xilinx/Vivado/2019.1/common/technology/autopilot/hls/hls_video_io.h:61]   --->   Operation 30 'sext' 'cols_V' <Predicate = true> <Delay = 0.00>
ST_1 : Operation 31 [1/1] (0.00ns)   --->   "br label %loop_wait_for_start" [C:/Xilinx/Vivado/2019.1/common/technology/autopilot/hls/hls_video_io.h:63]   --->   Operation 31 'br' <Predicate = true> <Delay = 0.00>

State 2 <SV = 1> <Delay = 0.00>
ST_2 : Operation 32 [1/1] (0.00ns)   --->   "call void (...)* @_ssdm_op_SpecLoopName([20 x i8]* @p_str49) nounwind" [C:/Xilinx/Vivado/2019.1/common/technology/autopilot/hls/hls_video_io.h:65]   --->   Operation 32 'specloopname' <Predicate = true> <Delay = 0.00>
ST_2 : Operation 33 [1/1] (0.00ns)   --->   "%tmp_51_i = call i32 (...)* @_ssdm_op_SpecRegionBegin([20 x i8]* @p_str49)" [C:/Xilinx/Vivado/2019.1/common/technology/autopilot/hls/hls_video_io.h:65]   --->   Operation 33 'specregionbegin' 'tmp_51_i' <Predicate = true> <Delay = 0.00>
ST_2 : Operation 34 [1/1] (0.00ns)   --->   "call void (...)* @_ssdm_op_SpecPipeline(i32 1, i32 1, i32 1, i32 0, [1 x i8]* @p_str2) nounwind" [C:/Xilinx/Vivado/2019.1/common/technology/autopilot/hls/hls_video_io.h:66]   --->   Operation 34 'specpipeline' <Predicate = true> <Delay = 0.00>
ST_2 : Operation 35 [1/1] (0.00ns)   --->   "call void (...)* @_ssdm_op_SpecLoopTripCount(i32 0, i32 0, i32 0, [1 x i8]* @p_str2) nounwind" [C:/Xilinx/Vivado/2019.1/common/technology/autopilot/hls/hls_video_io.h:67]   --->   Operation 35 'speclooptripcount' <Predicate = true> <Delay = 0.00>
ST_2 : Operation 36 [1/1] (0.00ns)   --->   "%empty = call { i24, i3, i3, i1, i1, i1, i1 } @_ssdm_op_Read.axis.volatile.i24P.i3P.i3P.i1P.i1P.i1P.i1P(i24* %AXI_video_strm_V_data_V, i3* %AXI_video_strm_V_keep_V, i3* %AXI_video_strm_V_strb_V, i1* %AXI_video_strm_V_user_V, i1* %AXI_video_strm_V_last_V, i1* %AXI_video_strm_V_id_V, i1* %AXI_video_strm_V_dest_V)" [C:/Xilinx/Vivado/2019.1/common/technology/autopilot/hls/hls_video_io.h:68]   --->   Operation 36 'read' 'empty' <Predicate = true> <Delay = 0.00> <Core = "AXI4Stream">   --->   Core 5 'AXI4Stream' <Latency = 0> <II = 1> <Delay = 1.00> <Adapter> <Opcode : >
ST_2 : Operation 37 [1/1] (0.00ns)   --->   "%tmp_data_V = extractvalue { i24, i3, i3, i1, i1, i1, i1 } %empty, 0" [C:/Xilinx/Vivado/2019.1/common/technology/autopilot/hls/hls_video_io.h:68]   --->   Operation 37 'extractvalue' 'tmp_data_V' <Predicate = true> <Delay = 0.00>
ST_2 : Operation 38 [1/1] (0.00ns)   --->   "%tmp_user_V = extractvalue { i24, i3, i3, i1, i1, i1, i1 } %empty, 3" [C:/Xilinx/Vivado/2019.1/common/technology/autopilot/hls/hls_video_io.h:68]   --->   Operation 38 'extractvalue' 'tmp_user_V' <Predicate = true> <Delay = 0.00>
ST_2 : Operation 39 [1/1] (0.00ns)   --->   "%tmp_last_V = extractvalue { i24, i3, i3, i1, i1, i1, i1 } %empty, 4" [C:/Xilinx/Vivado/2019.1/common/technology/autopilot/hls/hls_video_io.h:68]   --->   Operation 39 'extractvalue' 'tmp_last_V' <Predicate = true> <Delay = 0.00>
ST_2 : Operation 40 [1/1] (0.00ns)   --->   "%empty_113 = call i32 (...)* @_ssdm_op_SpecRegionEnd([20 x i8]* @p_str49, i32 %tmp_51_i)" [C:/Xilinx/Vivado/2019.1/common/technology/autopilot/hls/hls_video_io.h:70]   --->   Operation 40 'specregionend' 'empty_113' <Predicate = true> <Delay = 0.00>
ST_2 : Operation 41 [1/1] (0.00ns)   --->   "br i1 %tmp_user_V, label %.preheader232.i.preheader, label %loop_wait_for_start" [C:/Xilinx/Vivado/2019.1/common/technology/autopilot/hls/hls_video_io.h:65]   --->   Operation 41 'br' <Predicate = true> <Delay = 0.00>

State 3 <SV = 2> <Delay = 0.75>
ST_3 : Operation 42 [1/1] (0.00ns)   --->   "%sof_1_i = alloca i1"   --->   Operation 42 'alloca' 'sof_1_i' <Predicate = true> <Delay = 0.00>
ST_3 : Operation 43 [1/1] (0.75ns)   --->   "store i1 true, i1* %sof_1_i" [C:/Xilinx/Vivado/2019.1/common/technology/autopilot/hls/hls_video_io.h:71]   --->   Operation 43 'store' <Predicate = true> <Delay = 0.75>
ST_3 : Operation 44 [1/1] (0.75ns)   --->   "br label %.preheader232.i" [C:/Xilinx/Vivado/2019.1/common/technology/autopilot/hls/hls_video_io.h:71]   --->   Operation 44 'br' <Predicate = true> <Delay = 0.75>

State 4 <SV = 3> <Delay = 1.44>
ST_4 : Operation 45 [1/1] (0.00ns)   --->   "%axi_last_V_0_i = phi i1 [ %axi_last_V_3_i, %loop_height_end ], [ %tmp_last_V, %.preheader232.i.preheader ]"   --->   Operation 45 'phi' 'axi_last_V_0_i' <Predicate = true> <Delay = 0.00>
ST_4 : Operation 46 [1/1] (0.00ns)   --->   "%axi_data_V_0_i = phi i24 [ %axi_data_V_3_i, %loop_height_end ], [ %tmp_data_V, %.preheader232.i.preheader ]"   --->   Operation 46 'phi' 'axi_data_V_0_i' <Predicate = true> <Delay = 0.00>
ST_4 : Operation 47 [1/1] (0.00ns)   --->   "%t_V = phi i32 [ %i_V, %loop_height_end ], [ 0, %.preheader232.i.preheader ]"   --->   Operation 47 'phi' 't_V' <Predicate = true> <Delay = 0.00>
ST_4 : Operation 48 [1/1] (1.11ns)   --->   "%icmp_ln71 = icmp eq i32 %t_V, %rows_V" [C:/Xilinx/Vivado/2019.1/common/technology/autopilot/hls/hls_video_io.h:71]   --->   Operation 48 'icmp' 'icmp_ln71' <Predicate = true> <Delay = 1.11> <Core = "Cmp">   --->   Core 25 'Cmp' <Latency = 0> <II = 1> <Delay = 1.11> <FuncUnit> <Opcode : 'icmp'> <InPorts = 2> <OutPorts = 1>
ST_4 : Operation 49 [1/1] (0.00ns)   --->   "call void (...)* @_ssdm_op_SpecLoopTripCount(i64 0, i64 1080, i64 0)"   --->   Operation 49 'speclooptripcount' <Predicate = true> <Delay = 0.00>
ST_4 : Operation 50 [1/1] (1.20ns)   --->   "%i_V = add i32 %t_V, 1" [C:/Xilinx/Vivado/2019.1/common/technology/autopilot/hls/hls_video_io.h:71]   --->   Operation 50 'add' 'i_V' <Predicate = true> <Delay = 1.20> <Core = "AddSub">   --->   Core 14 'AddSub' <Latency = 0> <II = 1> <Delay = 1.20> <FuncUnit> <Opcode : 'add' 'sub'> <InPorts = 2> <OutPorts = 1>
ST_4 : Operation 51 [1/1] (0.00ns)   --->   "br i1 %icmp_ln71, label %.exit, label %loop_height_begin" [C:/Xilinx/Vivado/2019.1/common/technology/autopilot/hls/hls_video_io.h:71]   --->   Operation 51 'br' <Predicate = true> <Delay = 0.00>
ST_4 : Operation 52 [1/1] (0.00ns)   --->   "call void (...)* @_ssdm_op_SpecLoopName([12 x i8]* @p_str9) nounwind" [C:/Xilinx/Vivado/2019.1/common/technology/autopilot/hls/hls_video_io.h:71]   --->   Operation 52 'specloopname' <Predicate = (!icmp_ln71)> <Delay = 0.00>
ST_4 : Operation 53 [1/1] (0.00ns)   --->   "%tmp_52_i = call i32 (...)* @_ssdm_op_SpecRegionBegin([12 x i8]* @p_str9)" [C:/Xilinx/Vivado/2019.1/common/technology/autopilot/hls/hls_video_io.h:71]   --->   Operation 53 'specregionbegin' 'tmp_52_i' <Predicate = (!icmp_ln71)> <Delay = 0.00>
ST_4 : Operation 54 [1/1] (0.75ns)   --->   "br label %0" [C:/Xilinx/Vivado/2019.1/common/technology/autopilot/hls/hls_video_io.h:73]   --->   Operation 54 'br' <Predicate = (!icmp_ln71)> <Delay = 0.75>
ST_4 : Operation 55 [1/1] (0.00ns)   --->   "ret void"   --->   Operation 55 'ret' <Predicate = (icmp_ln71)> <Delay = 0.00>

State 5 <SV = 4> <Delay = 1.44>
ST_5 : Operation 56 [1/1] (0.00ns)   --->   "%eol = phi i1 [ %axi_last_V_0_i, %loop_height_begin ], [ %axi_last_V_2_i, %hls_label_0 ]" [C:/Xilinx/Vivado/2019.1/common/technology/autopilot/hls/hls_video_io.h:100]   --->   Operation 56 'phi' 'eol' <Predicate = true> <Delay = 0.00>
ST_5 : Operation 57 [1/1] (0.00ns)   --->   "%axi_data_V_1_i = phi i24 [ %axi_data_V_0_i, %loop_height_begin ], [ %p_Val2_s, %hls_label_0 ]"   --->   Operation 57 'phi' 'axi_data_V_1_i' <Predicate = true> <Delay = 0.00>
ST_5 : Operation 58 [1/1] (0.00ns)   --->   "%t_V_5 = phi i32 [ 0, %loop_height_begin ], [ %j_V, %hls_label_0 ]"   --->   Operation 58 'phi' 't_V_5' <Predicate = true> <Delay = 0.00>
ST_5 : Operation 59 [1/1] (0.00ns)   --->   "%eol_0_i = phi i1 [ false, %loop_height_begin ], [ %axi_last_V_2_i, %hls_label_0 ]" [C:/Xilinx/Vivado/2019.1/common/technology/autopilot/hls/hls_video_io.h:81]   --->   Operation 59 'phi' 'eol_0_i' <Predicate = true> <Delay = 0.00>
ST_5 : Operation 60 [1/1] (1.11ns)   --->   "%icmp_ln73 = icmp eq i32 %t_V_5, %cols_V" [C:/Xilinx/Vivado/2019.1/common/technology/autopilot/hls/hls_video_io.h:73]   --->   Operation 60 'icmp' 'icmp_ln73' <Predicate = true> <Delay = 1.11> <Core = "Cmp">   --->   Core 25 'Cmp' <Latency = 0> <II = 1> <Delay = 1.11> <FuncUnit> <Opcode : 'icmp'> <InPorts = 2> <OutPorts = 1>
ST_5 : Operation 61 [1/1] (0.00ns)   --->   "call void (...)* @_ssdm_op_SpecLoopTripCount(i64 0, i64 1920, i64 0)"   --->   Operation 61 'speclooptripcount' <Predicate = true> <Delay = 0.00>
ST_5 : Operation 62 [1/1] (1.20ns)   --->   "%j_V = add i32 %t_V_5, 1" [C:/Xilinx/Vivado/2019.1/common/technology/autopilot/hls/hls_video_io.h:73]   --->   Operation 62 'add' 'j_V' <Predicate = true> <Delay = 1.20> <Core = "AddSub">   --->   Core 14 'AddSub' <Latency = 0> <II = 1> <Delay = 1.20> <FuncUnit> <Opcode : 'add' 'sub'> <InPorts = 2> <OutPorts = 1>
ST_5 : Operation 63 [1/1] (0.00ns)   --->   "br i1 %icmp_ln73, label %.preheader.i.preheader, label %loop_width_begin" [C:/Xilinx/Vivado/2019.1/common/technology/autopilot/hls/hls_video_io.h:73]   --->   Operation 63 'br' <Predicate = true> <Delay = 0.00>
ST_5 : Operation 64 [1/1] (0.00ns)   --->   "%sof_1_i_load = load i1* %sof_1_i" [C:/Xilinx/Vivado/2019.1/common/technology/autopilot/hls/hls_video_io.h:76]   --->   Operation 64 'load' 'sof_1_i_load' <Predicate = (!icmp_ln73)> <Delay = 0.00>
ST_5 : Operation 65 [1/1] (0.33ns)   --->   "%or_ln76 = or i1 %sof_1_i_load, %eol_0_i" [C:/Xilinx/Vivado/2019.1/common/technology/autopilot/hls/hls_video_io.h:76]   --->   Operation 65 'or' 'or_ln76' <Predicate = (!icmp_ln73)> <Delay = 0.33> <Core = "LogicGate">   --->   Core 27 'LogicGate' <Latency = 0> <II = 1> <Delay = 0.33> <FuncUnit> <Opcode : 'and' 'or' 'xor'> <InPorts = 2> <OutPorts = 1>
ST_5 : Operation 66 [1/1] (0.75ns)   --->   "br i1 %or_ln76, label %hls_label_0, label %1" [C:/Xilinx/Vivado/2019.1/common/technology/autopilot/hls/hls_video_io.h:76]   --->   Operation 66 'br' <Predicate = (!icmp_ln73)> <Delay = 0.75>
ST_5 : Operation 67 [1/1] (0.00ns)   --->   "%empty_114 = call { i24, i3, i3, i1, i1, i1, i1 } @_ssdm_op_Read.axis.volatile.i24P.i3P.i3P.i1P.i1P.i1P.i1P(i24* %AXI_video_strm_V_data_V, i3* %AXI_video_strm_V_keep_V, i3* %AXI_video_strm_V_strb_V, i1* %AXI_video_strm_V_user_V, i1* %AXI_video_strm_V_last_V, i1* %AXI_video_strm_V_id_V, i1* %AXI_video_strm_V_dest_V)" [C:/Xilinx/Vivado/2019.1/common/technology/autopilot/hls/hls_video_io.h:81]   --->   Operation 67 'read' 'empty_114' <Predicate = (!icmp_ln73 & !or_ln76)> <Delay = 0.00> <Core = "AXI4Stream">   --->   Core 5 'AXI4Stream' <Latency = 0> <II = 1> <Delay = 1.00> <Adapter> <Opcode : >
ST_5 : Operation 68 [1/1] (0.00ns)   --->   "%tmp_data_V_1 = extractvalue { i24, i3, i3, i1, i1, i1, i1 } %empty_114, 0" [C:/Xilinx/Vivado/2019.1/common/technology/autopilot/hls/hls_video_io.h:81]   --->   Operation 68 'extractvalue' 'tmp_data_V_1' <Predicate = (!icmp_ln73 & !or_ln76)> <Delay = 0.00>
ST_5 : Operation 69 [1/1] (0.00ns)   --->   "%tmp_last_V_1 = extractvalue { i24, i3, i3, i1, i1, i1, i1 } %empty_114, 4" [C:/Xilinx/Vivado/2019.1/common/technology/autopilot/hls/hls_video_io.h:81]   --->   Operation 69 'extractvalue' 'tmp_last_V_1' <Predicate = (!icmp_ln73 & !or_ln76)> <Delay = 0.00>
ST_5 : Operation 70 [1/1] (0.75ns)   --->   "br label %hls_label_0"   --->   Operation 70 'br' <Predicate = (!icmp_ln73 & !or_ln76)> <Delay = 0.75>
ST_5 : Operation 71 [1/1] (0.00ns)   --->   "%axi_last_V_2_i = phi i1 [ %tmp_last_V_1, %1 ], [ %eol, %loop_width_begin ]"   --->   Operation 71 'phi' 'axi_last_V_2_i' <Predicate = (!icmp_ln73)> <Delay = 0.00>
ST_5 : Operation 72 [1/1] (0.00ns)   --->   "%p_Val2_s = phi i24 [ %tmp_data_V_1, %1 ], [ %axi_data_V_1_i, %loop_width_begin ]"   --->   Operation 72 'phi' 'p_Val2_s' <Predicate = (!icmp_ln73)> <Delay = 0.00>
ST_5 : Operation 73 [1/1] (0.00ns)   --->   "%tmp = trunc i24 %p_Val2_s to i8" [C:/Xilinx/Vivado/2019.1/common/technology/autopilot/hls/hls_axi_io.h:49->C:/Xilinx/Vivado/2019.1/common/technology/autopilot/hls/hls_axi_io.h:71->C:/Xilinx/Vivado/2019.1/common/technology/autopilot/hls/hls_video_io.h:92]   --->   Operation 73 'trunc' 'tmp' <Predicate = (!icmp_ln73)> <Delay = 0.00>
ST_5 : Operation 74 [1/1] (0.00ns)   --->   "%tmp_6 = call i8 @_ssdm_op_PartSelect.i8.i24.i32.i32(i24 %p_Val2_s, i32 8, i32 15)" [C:/Xilinx/Vivado/2019.1/common/technology/autopilot/hls/hls_axi_io.h:49->C:/Xilinx/Vivado/2019.1/common/technology/autopilot/hls/hls_axi_io.h:71->C:/Xilinx/Vivado/2019.1/common/technology/autopilot/hls/hls_video_io.h:92]   --->   Operation 74 'partselect' 'tmp_6' <Predicate = (!icmp_ln73)> <Delay = 0.00>
ST_5 : Operation 75 [1/1] (0.00ns)   --->   "%tmp_7 = call i8 @_ssdm_op_PartSelect.i8.i24.i32.i32(i24 %p_Val2_s, i32 16, i32 23)" [C:/Xilinx/Vivado/2019.1/common/technology/autopilot/hls/hls_axi_io.h:49->C:/Xilinx/Vivado/2019.1/common/technology/autopilot/hls/hls_axi_io.h:71->C:/Xilinx/Vivado/2019.1/common/technology/autopilot/hls/hls_video_io.h:92]   --->   Operation 75 'partselect' 'tmp_7' <Predicate = (!icmp_ln73)> <Delay = 0.00>
ST_5 : Operation 76 [1/1] (0.75ns)   --->   "store i1 false, i1* %sof_1_i" [C:/Xilinx/Vivado/2019.1/common/technology/autopilot/hls/hls_video_io.h:73]   --->   Operation 76 'store' <Predicate = (!icmp_ln73)> <Delay = 0.75>

State 6 <SV = 5> <Delay = 2.16>
ST_6 : Operation 77 [1/1] (0.00ns)   --->   "call void (...)* @_ssdm_op_SpecLoopName([11 x i8]* @p_str10) nounwind" [C:/Xilinx/Vivado/2019.1/common/technology/autopilot/hls/hls_video_io.h:73]   --->   Operation 77 'specloopname' <Predicate = (!icmp_ln73)> <Delay = 0.00>
ST_6 : Operation 78 [1/1] (0.00ns)   --->   "%tmp_53_i = call i32 (...)* @_ssdm_op_SpecRegionBegin([11 x i8]* @p_str10)" [C:/Xilinx/Vivado/2019.1/common/technology/autopilot/hls/hls_video_io.h:73]   --->   Operation 78 'specregionbegin' 'tmp_53_i' <Predicate = (!icmp_ln73)> <Delay = 0.00>
ST_6 : Operation 79 [1/1] (0.00ns)   --->   "call void (...)* @_ssdm_op_SpecPipeline(i32 1, i32 1, i32 1, i32 0, [1 x i8]* @p_str2) nounwind" [C:/Xilinx/Vivado/2019.1/common/technology/autopilot/hls/hls_video_io.h:75]   --->   Operation 79 'specpipeline' <Predicate = (!icmp_ln73)> <Delay = 0.00>
ST_6 : Operation 80 [1/1] (0.00ns)   --->   "%tmp_55_i = call i32 (...)* @_ssdm_op_SpecRegionBegin([12 x i8]* @p_str18)" [C:/Xilinx/Vivado/2019.1/common/technology/autopilot/hls/hls_video_core.h:696->C:/Xilinx/Vivado/2019.1/common/technology/autopilot/hls/hls_video_core.h:717->C:/Xilinx/Vivado/2019.1/common/technology/autopilot/hls/hls_video_io.h:94]   --->   Operation 80 'specregionbegin' 'tmp_55_i' <Predicate = (!icmp_ln73)> <Delay = 0.00>
ST_6 : Operation 81 [1/1] (0.00ns)   --->   "call void (...)* @_ssdm_op_SpecProtocol(i32 0, [1 x i8]* @p_str2) nounwind" [C:/Xilinx/Vivado/2019.1/common/technology/autopilot/hls/hls_video_core.h:700->C:/Xilinx/Vivado/2019.1/common/technology/autopilot/hls/hls_video_core.h:717->C:/Xilinx/Vivado/2019.1/common/technology/autopilot/hls/hls_video_io.h:94]   --->   Operation 81 'specprotocol' <Predicate = (!icmp_ln73)> <Delay = 0.00>
ST_6 : Operation 82 [1/1] (2.16ns)   --->   "call void @_ssdm_op_Write.ap_fifo.volatile.i8P(i8* %img_data_stream_0_V, i8 %tmp)" [C:/Xilinx/Vivado/2019.1/common/technology/autopilot/hls/hls_video_core.h:703->C:/Xilinx/Vivado/2019.1/common/technology/autopilot/hls/hls_video_core.h:717->C:/Xilinx/Vivado/2019.1/common/technology/autopilot/hls/hls_video_io.h:94]   --->   Operation 82 'write' <Predicate = (!icmp_ln73)> <Delay = 2.16> <Core = "FIFO">   --->   Core 32 'FIFO' <Latency = 0> <II = 1> <Delay = 2.16> <Storage> <Opcode : 'read' 'write' 'nbread' 'nbwrite'> <Ports = 0> <Width = 12> <Depth = 2> <FIFO>
ST_6 : Operation 83 [1/1] (2.16ns)   --->   "call void @_ssdm_op_Write.ap_fifo.volatile.i8P(i8* %img_data_stream_1_V, i8 %tmp_6)" [C:/Xilinx/Vivado/2019.1/common/technology/autopilot/hls/hls_video_core.h:703->C:/Xilinx/Vivado/2019.1/common/technology/autopilot/hls/hls_video_core.h:717->C:/Xilinx/Vivado/2019.1/common/technology/autopilot/hls/hls_video_io.h:94]   --->   Operation 83 'write' <Predicate = (!icmp_ln73)> <Delay = 2.16> <Core = "FIFO">   --->   Core 32 'FIFO' <Latency = 0> <II = 1> <Delay = 2.16> <Storage> <Opcode : 'read' 'write' 'nbread' 'nbwrite'> <Ports = 0> <Width = 12> <Depth = 2> <FIFO>
ST_6 : Operation 84 [1/1] (2.16ns)   --->   "call void @_ssdm_op_Write.ap_fifo.volatile.i8P(i8* %img_data_stream_2_V, i8 %tmp_7)" [C:/Xilinx/Vivado/2019.1/common/technology/autopilot/hls/hls_video_core.h:703->C:/Xilinx/Vivado/2019.1/common/technology/autopilot/hls/hls_video_core.h:717->C:/Xilinx/Vivado/2019.1/common/technology/autopilot/hls/hls_video_io.h:94]   --->   Operation 84 'write' <Predicate = (!icmp_ln73)> <Delay = 2.16> <Core = "FIFO">   --->   Core 32 'FIFO' <Latency = 0> <II = 1> <Delay = 2.16> <Storage> <Opcode : 'read' 'write' 'nbread' 'nbwrite'> <Ports = 0> <Width = 12> <Depth = 2> <FIFO>
ST_6 : Operation 85 [1/1] (0.00ns)   --->   "%empty_115 = call i32 (...)* @_ssdm_op_SpecRegionEnd([12 x i8]* @p_str18, i32 %tmp_55_i)" [C:/Xilinx/Vivado/2019.1/common/technology/autopilot/hls/hls_video_core.h:705->C:/Xilinx/Vivado/2019.1/common/technology/autopilot/hls/hls_video_core.h:717->C:/Xilinx/Vivado/2019.1/common/technology/autopilot/hls/hls_video_io.h:94]   --->   Operation 85 'specregionend' 'empty_115' <Predicate = (!icmp_ln73)> <Delay = 0.00>
ST_6 : Operation 86 [1/1] (0.00ns)   --->   "%empty_116 = call i32 (...)* @_ssdm_op_SpecRegionEnd([11 x i8]* @p_str10, i32 %tmp_53_i)" [C:/Xilinx/Vivado/2019.1/common/technology/autopilot/hls/hls_video_io.h:95]   --->   Operation 86 'specregionend' 'empty_116' <Predicate = (!icmp_ln73)> <Delay = 0.00>
ST_6 : Operation 87 [1/1] (0.00ns)   --->   "br label %0" [C:/Xilinx/Vivado/2019.1/common/technology/autopilot/hls/hls_video_io.h:73]   --->   Operation 87 'br' <Predicate = (!icmp_ln73)> <Delay = 0.00>

State 7 <SV = 5> <Delay = 0.75>
ST_7 : Operation 88 [1/1] (0.75ns)   --->   "br label %.preheader.i" [C:/Xilinx/Vivado/2019.1/common/technology/autopilot/hls/hls_video_io.h:96]   --->   Operation 88 'br' <Predicate = true> <Delay = 0.75>

State 8 <SV = 6> <Delay = 0.00>
ST_8 : Operation 89 [1/1] (0.00ns)   --->   "%axi_last_V_3_i = phi i1 [ %tmp_last_V_2, %loop_wait_for_eol ], [ %eol, %.preheader.i.preheader ]"   --->   Operation 89 'phi' 'axi_last_V_3_i' <Predicate = true> <Delay = 0.00>
ST_8 : Operation 90 [1/1] (0.00ns)   --->   "%axi_data_V_3_i = phi i24 [ %tmp_data_V_2, %loop_wait_for_eol ], [ %axi_data_V_1_i, %.preheader.i.preheader ]"   --->   Operation 90 'phi' 'axi_data_V_3_i' <Predicate = true> <Delay = 0.00>
ST_8 : Operation 91 [1/1] (0.00ns)   --->   "%eol_2_i = phi i1 [ %tmp_last_V_2, %loop_wait_for_eol ], [ %eol_0_i, %.preheader.i.preheader ]"   --->   Operation 91 'phi' 'eol_2_i' <Predicate = true> <Delay = 0.00>
ST_8 : Operation 92 [1/1] (0.00ns)   --->   "br i1 %eol_2_i, label %loop_height_end, label %loop_wait_for_eol" [C:/Xilinx/Vivado/2019.1/common/technology/autopilot/hls/hls_video_io.h:96]   --->   Operation 92 'br' <Predicate = true> <Delay = 0.00>
ST_8 : Operation 93 [1/1] (0.00ns)   --->   "call void (...)* @_ssdm_op_SpecLoopName([18 x i8]* @p_str50) nounwind" [C:/Xilinx/Vivado/2019.1/common/technology/autopilot/hls/hls_video_io.h:96]   --->   Operation 93 'specloopname' <Predicate = (!eol_2_i)> <Delay = 0.00>
ST_8 : Operation 94 [1/1] (0.00ns)   --->   "%tmp_54_i = call i32 (...)* @_ssdm_op_SpecRegionBegin([18 x i8]* @p_str50)" [C:/Xilinx/Vivado/2019.1/common/technology/autopilot/hls/hls_video_io.h:96]   --->   Operation 94 'specregionbegin' 'tmp_54_i' <Predicate = (!eol_2_i)> <Delay = 0.00>
ST_8 : Operation 95 [1/1] (0.00ns)   --->   "call void (...)* @_ssdm_op_SpecPipeline(i32 1, i32 1, i32 1, i32 0, [1 x i8]* @p_str2) nounwind" [C:/Xilinx/Vivado/2019.1/common/technology/autopilot/hls/hls_video_io.h:97]   --->   Operation 95 'specpipeline' <Predicate = (!eol_2_i)> <Delay = 0.00>
ST_8 : Operation 96 [1/1] (0.00ns)   --->   "call void (...)* @_ssdm_op_SpecLoopTripCount(i32 0, i32 0, i32 0, [1 x i8]* @p_str2) nounwind" [C:/Xilinx/Vivado/2019.1/common/technology/autopilot/hls/hls_video_io.h:98]   --->   Operation 96 'speclooptripcount' <Predicate = (!eol_2_i)> <Delay = 0.00>
ST_8 : Operation 97 [1/1] (0.00ns)   --->   "%empty_117 = call { i24, i3, i3, i1, i1, i1, i1 } @_ssdm_op_Read.axis.volatile.i24P.i3P.i3P.i1P.i1P.i1P.i1P(i24* %AXI_video_strm_V_data_V, i3* %AXI_video_strm_V_keep_V, i3* %AXI_video_strm_V_strb_V, i1* %AXI_video_strm_V_user_V, i1* %AXI_video_strm_V_last_V, i1* %AXI_video_strm_V_id_V, i1* %AXI_video_strm_V_dest_V)" [C:/Xilinx/Vivado/2019.1/common/technology/autopilot/hls/hls_video_io.h:100]   --->   Operation 97 'read' 'empty_117' <Predicate = (!eol_2_i)> <Delay = 0.00> <Core = "AXI4Stream">   --->   Core 5 'AXI4Stream' <Latency = 0> <II = 1> <Delay = 1.00> <Adapter> <Opcode : >
ST_8 : Operation 98 [1/1] (0.00ns)   --->   "%tmp_data_V_2 = extractvalue { i24, i3, i3, i1, i1, i1, i1 } %empty_117, 0" [C:/Xilinx/Vivado/2019.1/common/technology/autopilot/hls/hls_video_io.h:100]   --->   Operation 98 'extractvalue' 'tmp_data_V_2' <Predicate = (!eol_2_i)> <Delay = 0.00>
ST_8 : Operation 99 [1/1] (0.00ns)   --->   "%tmp_last_V_2 = extractvalue { i24, i3, i3, i1, i1, i1, i1 } %empty_117, 4" [C:/Xilinx/Vivado/2019.1/common/technology/autopilot/hls/hls_video_io.h:100]   --->   Operation 99 'extractvalue' 'tmp_last_V_2' <Predicate = (!eol_2_i)> <Delay = 0.00>
ST_8 : Operation 100 [1/1] (0.00ns)   --->   "%empty_118 = call i32 (...)* @_ssdm_op_SpecRegionEnd([18 x i8]* @p_str50, i32 %tmp_54_i)" [C:/Xilinx/Vivado/2019.1/common/technology/autopilot/hls/hls_video_io.h:103]   --->   Operation 100 'specregionend' 'empty_118' <Predicate = (!eol_2_i)> <Delay = 0.00>
ST_8 : Operation 101 [1/1] (0.00ns)   --->   "br label %.preheader.i" [C:/Xilinx/Vivado/2019.1/common/technology/autopilot/hls/hls_video_io.h:103]   --->   Operation 101 'br' <Predicate = (!eol_2_i)> <Delay = 0.00>

State 9 <SV = 7> <Delay = 0.00>
ST_9 : Operation 102 [1/1] (0.00ns)   --->   "%empty_119 = call i32 (...)* @_ssdm_op_SpecRegionEnd([12 x i8]* @p_str9, i32 %tmp_52_i)" [C:/Xilinx/Vivado/2019.1/common/technology/autopilot/hls/hls_video_io.h:104]   --->   Operation 102 'specregionend' 'empty_119' <Predicate = true> <Delay = 0.00>
ST_9 : Operation 103 [1/1] (0.00ns)   --->   "br label %.preheader232.i" [C:/Xilinx/Vivado/2019.1/common/technology/autopilot/hls/hls_video_io.h:71]   --->   Operation 103 'br' <Predicate = true> <Delay = 0.00>


============================================================
+ Verbose Summary: Timing violations
============================================================
Target clock period: 10ns, clock uncertainty: 1.25ns.

 <State 1>: 4.33ns
The critical path consists of the following:
	fifo read on port 'img_rows_V' (C:/Xilinx/Vivado/2019.1/common/technology/autopilot/hls/hls_video_core.h:589->C:/Xilinx/Vivado/2019.1/common/technology/autopilot/hls/hls_video_core.h:717->C:/Xilinx/Vivado/2019.1/common/technology/autopilot/hls/hls_video_io.h:94) [27]  (2.17 ns)
	fifo write on port 'img_rows_V_out' (C:/Xilinx/Vivado/2019.1/common/technology/autopilot/hls/hls_video_core.h:589->C:/Xilinx/Vivado/2019.1/common/technology/autopilot/hls/hls_video_core.h:717->C:/Xilinx/Vivado/2019.1/common/technology/autopilot/hls/hls_video_io.h:94) [30]  (2.17 ns)

 <State 2>: 0ns
The critical path consists of the following:

 <State 3>: 0.755ns
The critical path consists of the following:
	'alloca' operation ('sof_1_i') [49]  (0 ns)
	'store' operation ('store_ln71', C:/Xilinx/Vivado/2019.1/common/technology/autopilot/hls/hls_video_io.h:71) of constant 1 on local variable 'sof_1_i' [50]  (0.755 ns)

 <State 4>: 1.44ns
The critical path consists of the following:
	'icmp' operation ('icmp_ln71', C:/Xilinx/Vivado/2019.1/common/technology/autopilot/hls/hls_video_io.h:71) [56]  (1.11 ns)
	blocking operation 0.331 ns on control path)

 <State 5>: 1.44ns
The critical path consists of the following:
	'icmp' operation ('icmp_ln73', C:/Xilinx/Vivado/2019.1/common/technology/autopilot/hls/hls_video_io.h:73) [69]  (1.11 ns)
	blocking operation 0.331 ns on control path)

 <State 6>: 2.17ns
The critical path consists of the following:
	fifo write on port 'img_data_stream_0_V' (C:/Xilinx/Vivado/2019.1/common/technology/autopilot/hls/hls_video_core.h:703->C:/Xilinx/Vivado/2019.1/common/technology/autopilot/hls/hls_video_core.h:717->C:/Xilinx/Vivado/2019.1/common/technology/autopilot/hls/hls_video_io.h:94) [93]  (2.17 ns)

 <State 7>: 0.755ns
The critical path consists of the following:
	multiplexor before 'phi' operation ('axi.last.V') with incoming values : ('tmp.last.V', C:/Xilinx/Vivado/2019.1/common/technology/autopilot/hls/hls_video_io.h:68) ('tmp.last.V', C:/Xilinx/Vivado/2019.1/common/technology/autopilot/hls/hls_video_io.h:81) ('tmp.last.V', C:/Xilinx/Vivado/2019.1/common/technology/autopilot/hls/hls_video_io.h:100) [103]  (0.755 ns)

 <State 8>: 0ns
The critical path consists of the following:

 <State 9>: 0ns
The critical path consists of the following:


============================================================
+ Verbose Summary: Binding
============================================================
N/A
* FSMD analyzer results:
  - Output states:
 - Input state : 
  - Chain level:
	State 1
	State 2
	State 3
	State 4
	State 5
	State 6
	State 7
	State 8
	State 9


============================================================
+ Verbose Summary: Datapath Resource usage 
============================================================
N/A
