

================================================================
== Vivado HLS Report for 'Block_proc'
================================================================
* Date:           Fri May 29 14:36:52 2020

* Version:        2019.1 (Build 2552052 on Fri May 24 15:28:33 MDT 2019)
* Project:        sobel_edge
* Solution:       solution1
* Product family: zynquplus
* Target device:  xczu3eg-sbva484-1-e


================================================================
== Performance Estimates
================================================================
+ Timing (ns): 
    * Summary: 
    +--------+-------+----------+------------+
    |  Clock | Target| Estimated| Uncertainty|
    +--------+-------+----------+------------+
    |ap_clk  |  10.00|     2.167|        1.25|
    +--------+-------+----------+------------+

+ Latency (clock cycles): 
    * Summary: 
    +-----+-----+-----+-----+---------+
    |  Latency  |  Interval | Pipeline|
    | min | max | min | max |   Type  |
    +-----+-----+-----+-----+---------+
    |    0|    0|    0|    0|   none  |
    +-----+-----+-----+-----+---------+

    + Detail: 
        * Instance: 
        N/A

        * Loop: 
        N/A

============================================================
+ Verbose Summary: Synthesis Manager
============================================================
InlineROM: 1
ExposeGlobal: 0
============================================================
+ Verbose Summary: CDFG Model
============================================================
IsTopModel: 0
ResetActiveHigh: 1
IsCombinational: 2
IsDatapathOnly: 0
HasWiredReturn: 1
HasMFsm: 0
HasVarLatency: 0
IsPipeline: 0
IsRtlPipelined: 0
IsInstanceOverlapped: 0
IsDontTouch: 0
HasImplIP: 0
IsGatedGlobalClock: 0


============================================================
+ Verbose Summary: Schedule
============================================================
* Number of FSM states : 1
* Pipeline : 0
* Dataflow Pipeline: 0

* FSM state transitions: 
1 --> 

* FSM state operations: 

State 1 <SV = 0> <Delay = 2.16>
ST_1 : Operation 2 [1/1] (0.00ns)   --->   "call void (...)* @_ssdm_op_SpecInterface(i12* %sobel_g_cols_V_out, [8 x i8]* @ap_fifo_str, i32 0, i32 0, [1 x i8]* @p_str409, i32 0, i32 0, [1 x i8]* @p_str410, [1 x i8]* @p_str411, [1 x i8]* @p_str412, i32 2, i32 2, i32 16, i32 16, [1 x i8]* @p_str413, [1 x i8]* @p_str414)"   --->   Operation 2 'specinterface' <Predicate = true> <Delay = 0.00>
ST_1 : Operation 3 [1/1] (0.00ns)   --->   "call void (...)* @_ssdm_op_SpecInterface(i12* %sobel_g_rows_V_out, [8 x i8]* @ap_fifo_str, i32 0, i32 0, [1 x i8]* @p_str403, i32 0, i32 0, [1 x i8]* @p_str404, [1 x i8]* @p_str405, [1 x i8]* @p_str406, i32 2, i32 2, i32 16, i32 16, [1 x i8]* @p_str407, [1 x i8]* @p_str408)"   --->   Operation 3 'specinterface' <Predicate = true> <Delay = 0.00>
ST_1 : Operation 4 [1/1] (0.00ns)   --->   "call void (...)* @_ssdm_op_SpecInterface(i12* %src_cols_V_out, [8 x i8]* @ap_fifo_str, i32 0, i32 0, [1 x i8]* @p_str397, i32 0, i32 0, [1 x i8]* @p_str398, [1 x i8]* @p_str399, [1 x i8]* @p_str400, i32 2, i32 2, i32 16, i32 16, [1 x i8]* @p_str401, [1 x i8]* @p_str402)"   --->   Operation 4 'specinterface' <Predicate = true> <Delay = 0.00>
ST_1 : Operation 5 [1/1] (0.00ns)   --->   "call void (...)* @_ssdm_op_SpecInterface(i12* %src_rows_V_out, [8 x i8]* @ap_fifo_str, i32 0, i32 0, [1 x i8]* @p_str391, i32 0, i32 0, [1 x i8]* @p_str392, [1 x i8]* @p_str393, [1 x i8]* @p_str394, i32 2, i32 2, i32 16, i32 16, [1 x i8]* @p_str395, [1 x i8]* @p_str396)"   --->   Operation 5 'specinterface' <Predicate = true> <Delay = 0.00>
ST_1 : Operation 6 [1/1] (2.16ns)   --->   "call void @_ssdm_op_Write.ap_fifo.i12P(i12* %src_rows_V_out, i12 1080)" [C:/Xilinx/Vivado/2019.1/common/technology/autopilot/hls/hls_video_core.h:656->C:/Xilinx/Vivado/2019.1/common/technology/autopilot/hls/hls_video_core.h:642->C:/Xilinx/Vivado/2019.1/common/technology/autopilot/hls/hls_video_core.h:643->sobel_edge/src/sobel_operator.cpp:9->sobel_edge/src/sobel_operator.cpp:19]   --->   Operation 6 'write' <Predicate = true> <Delay = 2.16> <Core = "FIFO">   --->   Core 32 'FIFO' <Latency = 0> <II = 1> <Delay = 2.16> <Storage> <Opcode : 'read' 'write' 'nbread' 'nbwrite'> <Ports = 0> <Width = 12> <Depth = 2> <FIFO>
ST_1 : Operation 7 [1/1] (2.16ns)   --->   "call void @_ssdm_op_Write.ap_fifo.i12P(i12* %src_cols_V_out, i12 1920)" [C:/Xilinx/Vivado/2019.1/common/technology/autopilot/hls/hls_video_core.h:657->C:/Xilinx/Vivado/2019.1/common/technology/autopilot/hls/hls_video_core.h:642->C:/Xilinx/Vivado/2019.1/common/technology/autopilot/hls/hls_video_core.h:643->sobel_edge/src/sobel_operator.cpp:9->sobel_edge/src/sobel_operator.cpp:19]   --->   Operation 7 'write' <Predicate = true> <Delay = 2.16> <Core = "FIFO">   --->   Core 32 'FIFO' <Latency = 0> <II = 1> <Delay = 2.16> <Storage> <Opcode : 'read' 'write' 'nbread' 'nbwrite'> <Ports = 0> <Width = 12> <Depth = 2> <FIFO>
ST_1 : Operation 8 [1/1] (2.16ns)   --->   "call void @_ssdm_op_Write.ap_fifo.i12P(i12* %sobel_g_rows_V_out, i12 1080)" [C:/Xilinx/Vivado/2019.1/common/technology/autopilot/hls/hls_video_core.h:656->C:/Xilinx/Vivado/2019.1/common/technology/autopilot/hls/hls_video_core.h:642->C:/Xilinx/Vivado/2019.1/common/technology/autopilot/hls/hls_video_core.h:643->sobel_edge/src/sobel_operator.cpp:16->sobel_edge/src/sobel_operator.cpp:19]   --->   Operation 8 'write' <Predicate = true> <Delay = 2.16> <Core = "FIFO">   --->   Core 32 'FIFO' <Latency = 0> <II = 1> <Delay = 2.16> <Storage> <Opcode : 'read' 'write' 'nbread' 'nbwrite'> <Ports = 0> <Width = 12> <Depth = 2> <FIFO>
ST_1 : Operation 9 [1/1] (2.16ns)   --->   "call void @_ssdm_op_Write.ap_fifo.i12P(i12* %sobel_g_cols_V_out, i12 1920)" [C:/Xilinx/Vivado/2019.1/common/technology/autopilot/hls/hls_video_core.h:657->C:/Xilinx/Vivado/2019.1/common/technology/autopilot/hls/hls_video_core.h:642->C:/Xilinx/Vivado/2019.1/common/technology/autopilot/hls/hls_video_core.h:643->sobel_edge/src/sobel_operator.cpp:16->sobel_edge/src/sobel_operator.cpp:19]   --->   Operation 9 'write' <Predicate = true> <Delay = 2.16> <Core = "FIFO">   --->   Core 32 'FIFO' <Latency = 0> <II = 1> <Delay = 2.16> <Storage> <Opcode : 'read' 'write' 'nbread' 'nbwrite'> <Ports = 0> <Width = 12> <Depth = 2> <FIFO>
ST_1 : Operation 10 [1/1] (0.00ns)   --->   "ret void" [sobel_edge/src/sobel_operator.cpp:19]   --->   Operation 10 'ret' <Predicate = true> <Delay = 0.00>


============================================================
+ Verbose Summary: Timing violations
============================================================
Target clock period: 10ns, clock uncertainty: 1.25ns.

 <State 1>: 2.17ns
The critical path consists of the following:
	fifo write on port 'src_rows_V_out' (C:/Xilinx/Vivado/2019.1/common/technology/autopilot/hls/hls_video_core.h:656->C:/Xilinx/Vivado/2019.1/common/technology/autopilot/hls/hls_video_core.h:642->C:/Xilinx/Vivado/2019.1/common/technology/autopilot/hls/hls_video_core.h:643->sobel_edge/src/sobel_operator.cpp:9->sobel_edge/src/sobel_operator.cpp:19) [9]  (2.17 ns)


============================================================
+ Verbose Summary: Binding
============================================================
N/A
* FSMD analyzer results:
  - Output states:
 - Input state : 
  - Chain level:
	State 1


============================================================
+ Verbose Summary: Datapath Resource usage 
============================================================
N/A
