

================================================================
== Vivado HLS Report for 'AddWeighted'
================================================================
* Date:           Wed Jun  3 20:20:45 2020

* Version:        2019.1 (Build 2552052 on Fri May 24 15:28:33 MDT 2019)
* Project:        sobel_edge
* Solution:       solution1
* Product family: zynquplus
* Target device:  xczu3eg-sbva484-1-e


================================================================
== Performance Estimates
================================================================
+ Timing (ns): 
    * Summary: 
    +--------+-------+----------+------------+
    |  Clock | Target| Estimated| Uncertainty|
    +--------+-------+----------+------------+
    |ap_clk  |  10.00|     8.334|        1.25|
    +--------+-------+----------+------------+

+ Latency (clock cycles): 
    * Summary: 
    +-----+---------+-----+---------+---------+
    |    Latency    |    Interval   | Pipeline|
    | min |   max   | min |   max   |   Type  |
    +-----+---------+-----+---------+---------+
    |    1|  2099521|    1|  2099521|   none  |
    +-----+---------+-----+---------+---------+

    + Detail: 
        * Instance: 
        N/A

        * Loop: 
        +---------------+-----+---------+----------+-----------+-----------+----------+----------+
        |               |    Latency    | Iteration|  Initiation Interval  |   Trip   |          |
        |   Loop Name   | min |   max   |  Latency |  achieved |   target  |   Count  | Pipelined|
        +---------------+-----+---------+----------+-----------+-----------+----------+----------+
        |- loop_height  |    0|  2099520| 3 ~ 1944 |          -|          -| 0 ~ 1080 |    no    |
        | + loop_width  |    0|     1941|        23|          1|          1| 0 ~ 1920 |    yes   |
        +---------------+-----+---------+----------+-----------+-----------+----------+----------+



================================================================
== Utilization Estimates
================================================================
* Summary: 
+-----------------+---------+-------+--------+-------+-----+
|       Name      | BRAM_18K| DSP48E|   FF   |  LUT  | URAM|
+-----------------+---------+-------+--------+-------+-----+
|DSP              |        -|      -|       -|      -|    -|
|Expression       |        -|      -|       0|   1492|    -|
|FIFO             |        -|      -|       -|      -|    -|
|Instance         |        -|     28|    2008|   2798|    -|
|Memory           |        -|      -|       -|      -|    -|
|Multiplexer      |        -|      -|       -|    144|    -|
|Register         |        0|      -|     667|     32|    -|
+-----------------+---------+-------+--------+-------+-----+
|Total            |        0|     28|    2675|   4466|    0|
+-----------------+---------+-------+--------+-------+-----+
|Available        |      432|    360|  141120|  70560|    0|
+-----------------+---------+-------+--------+-------+-----+
|Utilization (%)  |        0|      7|       1|      6|    0|
+-----------------+---------+-------+--------+-------+-----+

+ Detail: 
    * Instance: 
    +--------------------------+----------------------+---------+-------+-----+-----+-----+
    |         Instance         |        Module        | BRAM_18K| DSP48E|  FF | LUT | URAM|
    +--------------------------+----------------------+---------+-------+-----+-----+-----+
    |sobel_accel_dadd_udo_U87  |sobel_accel_dadd_udo  |        0|      3|  445|  781|    0|
    |sobel_accel_dadd_udo_U88  |sobel_accel_dadd_udo  |        0|      3|  445|  781|    0|
    |sobel_accel_dmul_vdy_U89  |sobel_accel_dmul_vdy  |        0|     11|  299|  203|    0|
    |sobel_accel_dmul_vdy_U90  |sobel_accel_dmul_vdy  |        0|     11|  299|  203|    0|
    |sobel_accel_uitodwdI_U91  |sobel_accel_uitodwdI  |        0|      0|  260|  415|    0|
    |sobel_accel_uitodwdI_U92  |sobel_accel_uitodwdI  |        0|      0|  260|  415|    0|
    +--------------------------+----------------------+---------+-------+-----+-----+-----+
    |Total                     |                      |        0|     28| 2008| 2798|    0|
    +--------------------------+----------------------+---------+-------+-----+-----+-----+

    * DSP48E: 
    N/A

    * Memory: 
    N/A

    * FIFO: 
    N/A

    * Expression: 
    +------------------------------------+----------+-------+---+-----+------------+------------+
    |            Variable Name           | Operation| DSP48E| FF| LUT | Bitwidth P0| Bitwidth P1|
    +------------------------------------+----------+-------+---+-----+------------+------------+
    |add_ln591_fu_529_p2                 |     +    |      0|  0|   19|           2|          12|
    |i_V_fu_311_p2                       |     +    |      0|  0|   39|          32|           1|
    |j_V_fu_322_p2                       |     +    |      0|  0|   39|          32|           1|
    |p_Val2_24_fu_567_p2                 |     +    |      0|  0|   15|           8|           8|
    |pos1_fu_691_p2                      |     +    |      0|  0|   19|           4|          12|
    |pos2_fu_701_p2                      |     +    |      0|  0|   19|           4|          12|
    |F2_fu_413_p2                        |     -    |      0|  0|   19|          11|          12|
    |man_V_1_fu_393_p2                   |     -    |      0|  0|   61|           1|          54|
    |sub_ln581_fu_425_p2                 |     -    |      0|  0|   19|           1|          12|
    |Range1_all_ones_3_fu_759_p2         |    and   |      0|  0|    2|           1|           1|
    |Range1_all_ones_fu_827_p2           |    and   |      0|  0|    2|           1|           1|
    |and_ln340_1_fu_1059_p2              |    and   |      0|  0|    2|           1|           1|
    |and_ln340_fu_992_p2                 |    and   |      0|  0|    2|           1|           1|
    |and_ln403_3_fu_627_p2               |    and   |      0|  0|    2|           1|           1|
    |and_ln403_fu_607_p2                 |    and   |      0|  0|    2|           1|           1|
    |and_ln428_3_fu_1015_p2              |    and   |      0|  0|    2|           1|           1|
    |and_ln428_fu_983_p2                 |    and   |      0|  0|    2|           1|           1|
    |and_ln557_fu_957_p2                 |    and   |      0|  0|    2|           1|           1|
    |and_ln571_fu_1025_p2                |    and   |      0|  0|    2|           1|           1|
    |and_ln581_fu_601_p2                 |    and   |      0|  0|    2|           1|           1|
    |and_ln603_5_fu_679_p2               |    and   |      0|  0|    2|           1|           1|
    |and_ln603_6_fu_685_p2               |    and   |      0|  0|    2|           1|           1|
    |and_ln603_fu_653_p2                 |    and   |      0|  0|    2|           1|           1|
    |and_ln621_4_fu_945_p2               |    and   |      0|  0|    2|           1|           1|
    |and_ln621_5_fu_951_p2               |    and   |      0|  0|    2|           1|           1|
    |and_ln621_fu_753_p2                 |    and   |      0|  0|    2|           1|           1|
    |and_ln631_fu_785_p2                 |    and   |      0|  0|    2|           1|           1|
    |and_ln639_fu_821_p2                 |    and   |      0|  0|    2|           1|           1|
    |and_ln641_fu_845_p2                 |    and   |      0|  0|    2|           1|           1|
    |and_ln642_fu_881_p2                 |    and   |      0|  0|    2|           1|           1|
    |and_ln654_fu_927_p2                 |    and   |      0|  0|    2|           1|           1|
    |ap_block_state25_pp0_stage0_iter22  |    and   |      0|  0|    2|           1|           1|
    |ashr_ln586_fu_483_p2                |   ashr   |      0|  0|  167|          54|          54|
    |ashr_ln623_fu_743_p2                |   ashr   |      0|  0|  167|          54|          54|
    |Range1_all_zeros_3_fu_857_p2        |   icmp   |      0|  0|   29|          54|           1|
    |Range2_all_ones_fu_807_p2           |   icmp   |      0|  0|   29|          54|          54|
    |icmp_ln354_fu_306_p2                |   icmp   |      0|  0|   20|          32|          32|
    |icmp_ln355_fu_317_p2                |   icmp   |      0|  0|   20|          32|          32|
    |icmp_ln571_fu_407_p2                |   icmp   |      0|  0|   29|          63|           1|
    |icmp_ln581_fu_419_p2                |   icmp   |      0|  0|   13|          12|           1|
    |icmp_ln582_fu_447_p2                |   icmp   |      0|  0|   13|          11|          11|
    |icmp_ln585_fu_457_p2                |   icmp   |      0|  0|   13|          12|           6|
    |icmp_ln591_fu_523_p2                |   icmp   |      0|  0|   13|          12|           6|
    |icmp_ln603_fu_473_p2                |   icmp   |      0|  0|   13|           9|           1|
    |icmp_ln621_fu_719_p2                |   icmp   |      0|  0|   13|          12|           6|
    |icmp_ln631_fu_779_p2                |   icmp   |      0|  0|   13|          12|           6|
    |icmp_ln641_fu_833_p2                |   icmp   |      0|  0|   29|          54|           1|
    |icmp_ln642_fu_851_p2                |   icmp   |      0|  0|   13|          12|           6|
    |icmp_ln833_fu_353_p2                |   icmp   |      0|  0|   13|          11|           2|
    |icmp_ln837_fu_359_p2                |   icmp   |      0|  0|   29|          52|           1|
    |Range2_V_3_fu_795_p2                |   lshr   |      0|  0|  167|          54|          54|
    |r_V_fu_801_p2                       |   lshr   |      0|  0|  167|           2|          54|
    |ap_block_pp0_stage0_01001           |    or    |      0|  0|    2|           1|           1|
    |ap_block_state1                     |    or    |      0|  0|    2|           1|           1|
    |ap_block_state4_pp0_stage0_iter1    |    or    |      0|  0|    2|           1|           1|
    |or_ln340_fu_1002_p2                 |    or    |      0|  0|    2|           1|           1|
    |or_ln571_3_fu_1048_p2               |    or    |      0|  0|    2|           1|           1|
    |or_ln571_4_fu_1036_p2               |    or    |      0|  0|    2|           1|           1|
    |or_ln571_fu_1030_p2                 |    or    |      0|  0|    2|           1|           1|
    |or_ln581_fu_641_p2                  |    or    |      0|  0|    2|           1|           1|
    |or_ln603_fu_673_p2                  |    or    |      0|  0|    2|           1|           1|
    |or_ln639_fu_875_p2                  |    or    |      0|  0|    2|           1|           1|
    |or_ln645_fu_863_p2                  |    or    |      0|  0|    2|           1|           1|
    |or_ln658_1_fu_977_p2                |    or    |      0|  0|    2|           1|           1|
    |or_ln658_fu_971_p2                  |    or    |      0|  0|    2|           1|           1|
    |F2_6_fu_431_p3                      |  select  |      0|  0|   12|           1|          12|
    |deleted_zeros_fu_919_p3             |  select  |      0|  0|    2|           1|           1|
    |dst_data_stream_V_din               |  select  |      0|  0|    8|           1|           8|
    |p_Val2_23_fu_515_p3                 |  select  |      0|  0|    8|           1|           8|
    |p_Val2_25_fu_659_p3                 |  select  |      0|  0|    8|           1|           8|
    |p_Val2_s_fu_399_p3                  |  select  |      0|  0|   55|           1|          54|
    |qb_fu_547_p3                        |  select  |      0|  0|    2|           1|           1|
    |select_ln340_fu_1008_p3             |  select  |      0|  0|    8|           1|           8|
    |select_ln403_3_fu_633_p3            |  select  |      0|  0|    8|           1|           8|
    |select_ln403_fu_613_p3              |  select  |      0|  0|    8|           1|           8|
    |select_ln571_fu_1041_p3             |  select  |      0|  0|    8|           1|           1|
    |select_ln582_fu_587_p3              |  select  |      0|  0|    8|           1|           8|
    |select_ln588_fu_501_p3              |  select  |      0|  0|    2|           1|           2|
    |select_ln631_fu_813_p3              |  select  |      0|  0|    2|           1|           1|
    |select_ln639_3_fu_911_p3            |  select  |      0|  0|    2|           1|           1|
    |select_ln639_fu_895_p3              |  select  |      0|  0|    2|           1|           1|
    |select_ln642_3_fu_903_p3            |  select  |      0|  0|    2|           1|           1|
    |select_ln642_fu_887_p3              |  select  |      0|  0|    2|           1|           1|
    |underflow_fu_963_p3                 |  select  |      0|  0|    2|           1|           1|
    |shl_ln604_fu_509_p2                 |    shl   |      0|  0|   18|           8|           8|
    |Range1_all_zeros_fu_839_p2          |    xor   |      0|  0|    2|           2|           1|
    |ap_enable_pp0                       |    xor   |      0|  0|    2|           1|           2|
    |ap_enable_reg_pp0_iter1             |    xor   |      0|  0|    2|           2|           1|
    |empty_111_fu_933_p2                 |    xor   |      0|  0|    2|           2|           1|
    |xor_ln340_1_fu_997_p2               |    xor   |      0|  0|    2|           1|           2|
    |xor_ln340_fu_987_p2                 |    xor   |      0|  0|    2|           1|           2|
    |xor_ln403_fu_621_p2                 |    xor   |      0|  0|    2|           1|           2|
    |xor_ln416_fu_581_p2                 |    xor   |      0|  0|    2|           1|           2|
    |xor_ln428_fu_1019_p2                |    xor   |      0|  0|    2|           2|           1|
    |xor_ln571_fu_1053_p2                |    xor   |      0|  0|    2|           1|           2|
    |xor_ln581_fu_647_p2                 |    xor   |      0|  0|    2|           1|           2|
    |xor_ln582_fu_595_p2                 |    xor   |      0|  0|    2|           1|           2|
    |xor_ln603_fu_667_p2                 |    xor   |      0|  0|    2|           1|           2|
    |xor_ln621_3_fu_733_p2               |    xor   |      0|  0|    2|           1|           2|
    |xor_ln621_fu_939_p2                 |    xor   |      0|  0|    2|           1|           2|
    |xor_ln631_fu_773_p2                 |    xor   |      0|  0|    2|           1|           2|
    |xor_ln639_3_fu_869_p2               |    xor   |      0|  0|    2|           1|           2|
    +------------------------------------+----------+-------+---+-----+------------+------------+
    |Total                               |          |      0|  0| 1492|         787|         714|
    +------------------------------------+----------+-------+---+-----+------------+------------+

    * Multiplexer: 
    +--------------------------+----+-----------+-----+-----------+
    |           Name           | LUT| Input Size| Bits| Total Bits|
    +--------------------------+----+-----------+-----+-----------+
    |ap_NS_fsm                 |  27|          5|    1|          5|
    |ap_done                   |   9|          2|    1|          2|
    |ap_enable_reg_pp0_iter1   |   9|          2|    1|          2|
    |ap_enable_reg_pp0_iter22  |   9|          2|    1|          2|
    |dst_cols_V_blk_n          |   9|          2|    1|          2|
    |dst_cols_V_out_blk_n      |   9|          2|    1|          2|
    |dst_data_stream_V_blk_n   |   9|          2|    1|          2|
    |dst_rows_V_blk_n          |   9|          2|    1|          2|
    |dst_rows_V_out_blk_n      |   9|          2|    1|          2|
    |real_start                |   9|          2|    1|          2|
    |src1_data_stream_V_blk_n  |   9|          2|    1|          2|
    |src2_data_stream_V_blk_n  |   9|          2|    1|          2|
    |t_V_4_reg_262             |   9|          2|   32|         64|
    |t_V_reg_251               |   9|          2|   32|         64|
    +--------------------------+----+-----------+-----+-----------+
    |Total                     | 144|         31|   76|        155|
    +--------------------------+----+-----------+-----+-----------+

    * Register: 
    +--------------------------+----+----+-----+-----------+
    |           Name           | FF | LUT| Bits| Const Bits|
    +--------------------------+----+----+-----+-----------+
    |ap_CS_fsm                 |   4|   0|    4|          0|
    |ap_done_reg               |   1|   0|    1|          0|
    |ap_enable_reg_pp0_iter0   |   1|   0|    1|          0|
    |ap_enable_reg_pp0_iter1   |   1|   0|    1|          0|
    |ap_enable_reg_pp0_iter10  |   1|   0|    1|          0|
    |ap_enable_reg_pp0_iter11  |   1|   0|    1|          0|
    |ap_enable_reg_pp0_iter12  |   1|   0|    1|          0|
    |ap_enable_reg_pp0_iter13  |   1|   0|    1|          0|
    |ap_enable_reg_pp0_iter14  |   1|   0|    1|          0|
    |ap_enable_reg_pp0_iter15  |   1|   0|    1|          0|
    |ap_enable_reg_pp0_iter16  |   1|   0|    1|          0|
    |ap_enable_reg_pp0_iter17  |   1|   0|    1|          0|
    |ap_enable_reg_pp0_iter18  |   1|   0|    1|          0|
    |ap_enable_reg_pp0_iter19  |   1|   0|    1|          0|
    |ap_enable_reg_pp0_iter2   |   1|   0|    1|          0|
    |ap_enable_reg_pp0_iter20  |   1|   0|    1|          0|
    |ap_enable_reg_pp0_iter21  |   1|   0|    1|          0|
    |ap_enable_reg_pp0_iter22  |   1|   0|    1|          0|
    |ap_enable_reg_pp0_iter3   |   1|   0|    1|          0|
    |ap_enable_reg_pp0_iter4   |   1|   0|    1|          0|
    |ap_enable_reg_pp0_iter5   |   1|   0|    1|          0|
    |ap_enable_reg_pp0_iter6   |   1|   0|    1|          0|
    |ap_enable_reg_pp0_iter7   |   1|   0|    1|          0|
    |ap_enable_reg_pp0_iter8   |   1|   0|    1|          0|
    |ap_enable_reg_pp0_iter9   |   1|   0|    1|          0|
    |cols_V_reg_1079           |  32|   0|   32|          0|
    |i_V_reg_1088              |  32|   0|   32|          0|
    |icmp_ln355_reg_1093       |   1|   0|    1|          0|
    |icmp_ln571_reg_1164       |   1|   0|    1|          0|
    |icmp_ln833_reg_1152       |   1|   0|    1|          0|
    |icmp_ln837_reg_1158       |   1|   0|    1|          0|
    |or_ln658_1_reg_1182       |   1|   0|    1|          0|
    |p_Val2_25_reg_1170        |   8|   0|    8|          0|
    |rows_V_reg_1074           |  32|   0|   32|          0|
    |start_once_reg            |   1|   0|    1|          0|
    |sum_reg_1147              |  64|   0|   64|          0|
    |t1_reg_1132               |  64|   0|   64|          0|
    |t2_reg_1137               |  64|   0|   64|          0|
    |t_V_4_reg_262             |  32|   0|   32|          0|
    |t_V_reg_251               |  32|   0|   32|          0|
    |tmp_62_reg_1107           |   8|   0|    8|          0|
    |tmp_8_i_i_reg_1127        |  64|   0|   64|          0|
    |tmp_9_i_i_reg_1142        |  64|   0|   64|          0|
    |tmp_i_i_reg_1122          |  64|   0|   64|          0|
    |tmp_reg_1102              |   8|   0|    8|          0|
    |underflow_reg_1176        |   1|   0|    1|          0|
    |icmp_ln355_reg_1093       |  64|  32|    1|          0|
    +--------------------------+----+----+-----+-----------+
    |Total                     | 667|  32|  604|          0|
    +--------------------------+----+----+-----+-----------+



================================================================
== Interface
================================================================
* Summary: 
+----------------------------+-----+-----+------------+--------------------+--------------+
|          RTL Ports         | Dir | Bits|  Protocol  |    Source Object   |    C Type    |
+----------------------------+-----+-----+------------+--------------------+--------------+
|ap_clk                      |  in |    1| ap_ctrl_hs |     AddWeighted    | return value |
|ap_rst                      |  in |    1| ap_ctrl_hs |     AddWeighted    | return value |
|ap_start                    |  in |    1| ap_ctrl_hs |     AddWeighted    | return value |
|start_full_n                |  in |    1| ap_ctrl_hs |     AddWeighted    | return value |
|ap_done                     | out |    1| ap_ctrl_hs |     AddWeighted    | return value |
|ap_continue                 |  in |    1| ap_ctrl_hs |     AddWeighted    | return value |
|ap_idle                     | out |    1| ap_ctrl_hs |     AddWeighted    | return value |
|ap_ready                    | out |    1| ap_ctrl_hs |     AddWeighted    | return value |
|start_out                   | out |    1| ap_ctrl_hs |     AddWeighted    | return value |
|start_write                 | out |    1| ap_ctrl_hs |     AddWeighted    | return value |
|src1_data_stream_V_dout     |  in |    8|   ap_fifo  | src1_data_stream_V |    pointer   |
|src1_data_stream_V_empty_n  |  in |    1|   ap_fifo  | src1_data_stream_V |    pointer   |
|src1_data_stream_V_read     | out |    1|   ap_fifo  | src1_data_stream_V |    pointer   |
|src2_data_stream_V_dout     |  in |    8|   ap_fifo  | src2_data_stream_V |    pointer   |
|src2_data_stream_V_empty_n  |  in |    1|   ap_fifo  | src2_data_stream_V |    pointer   |
|src2_data_stream_V_read     | out |    1|   ap_fifo  | src2_data_stream_V |    pointer   |
|dst_rows_V_dout             |  in |   12|   ap_fifo  |     dst_rows_V     |    pointer   |
|dst_rows_V_empty_n          |  in |    1|   ap_fifo  |     dst_rows_V     |    pointer   |
|dst_rows_V_read             | out |    1|   ap_fifo  |     dst_rows_V     |    pointer   |
|dst_cols_V_dout             |  in |   12|   ap_fifo  |     dst_cols_V     |    pointer   |
|dst_cols_V_empty_n          |  in |    1|   ap_fifo  |     dst_cols_V     |    pointer   |
|dst_cols_V_read             | out |    1|   ap_fifo  |     dst_cols_V     |    pointer   |
|dst_data_stream_V_din       | out |    8|   ap_fifo  |  dst_data_stream_V |    pointer   |
|dst_data_stream_V_full_n    |  in |    1|   ap_fifo  |  dst_data_stream_V |    pointer   |
|dst_data_stream_V_write     | out |    1|   ap_fifo  |  dst_data_stream_V |    pointer   |
|dst_rows_V_out_din          | out |   12|   ap_fifo  |   dst_rows_V_out   |    pointer   |
|dst_rows_V_out_full_n       |  in |    1|   ap_fifo  |   dst_rows_V_out   |    pointer   |
|dst_rows_V_out_write        | out |    1|   ap_fifo  |   dst_rows_V_out   |    pointer   |
|dst_cols_V_out_din          | out |   12|   ap_fifo  |   dst_cols_V_out   |    pointer   |
|dst_cols_V_out_full_n       |  in |    1|   ap_fifo  |   dst_cols_V_out   |    pointer   |
|dst_cols_V_out_write        | out |    1|   ap_fifo  |   dst_cols_V_out   |    pointer   |
+----------------------------+-----+-----+------------+--------------------+--------------+

