

================================================================
== Vivado HLS Report for 'sobel_accel'
================================================================
* Date:           Wed Jun  3 20:20:37 2020

* Version:        2019.1 (Build 2552052 on Fri May 24 15:28:33 MDT 2019)
* Project:        sobel_edge
* Solution:       solution1
* Product family: zynquplus
* Target device:  xczu3eg-sbva484-1-e


================================================================
== Performance Estimates
================================================================
+ Timing (ns): 
    * Summary: 
    +--------+-------+----------+------------+
    |  Clock | Target| Estimated| Uncertainty|
    +--------+-------+----------+------------+
    |ap_clk  |  10.00|     8.544|        1.25|
    +--------+-------+----------+------------+

+ Latency (clock cycles): 
    * Summary: 
    +---------+---------+---------+---------+----------+
    |      Latency      |      Interval     | Pipeline |
    |   min   |   max   |   min   |   max   |   Type   |
    +---------+---------+---------+---------+----------+
    |  2083943|  2099539|  2083935|  2099522| dataflow |
    +---------+---------+---------+---------+----------+

    + Detail: 
        * Instance: 
        N/A

        * Loop: 
        N/A

============================================================
+ Verbose Summary: Synthesis Manager
============================================================
InlineROM: 1
ExposeGlobal: 0
============================================================
+ Verbose Summary: CDFG Model
============================================================
IsTopModel: 1
ResetActiveHigh: 1
IsCombinational: 2
IsDatapathOnly: 0
HasWiredReturn: 1
HasMFsm: 0
HasVarLatency: 1
IsPipeline: 0
IsRtlPipelined: 0
IsInstanceOverlapped: 0
IsDontTouch: 0
HasImplIP: 0
IsGatedGlobalClock: 0


============================================================
+ Verbose Summary: Schedule
============================================================
* Number of FSM states : 20
* Pipeline : 0
* Dataflow Pipeline: 1
  DF-Pipeline-0: Size = 20, States = { 1 2 3 4 5 6 7 8 9 10 11 12 13 14 15 16 17 18 19 20 }

* FSM state transitions: 
1 --> 2 
2 --> 3 
3 --> 4 
4 --> 5 
5 --> 6 
6 --> 7 
7 --> 8 
8 --> 9 
9 --> 10 
10 --> 11 
11 --> 12 
12 --> 13 
13 --> 14 
14 --> 15 
15 --> 16 
16 --> 17 
17 --> 18 
18 --> 19 
19 --> 20 
20 --> 

* FSM state operations: 

State 1 <SV = 0> <Delay = 0.00>
ST_1 : Operation 21 [1/1] (0.00ns)   --->   "%sobel_g_cols_V_c29 = alloca i12, align 2"   --->   Operation 21 'alloca' 'sobel_g_cols_V_c29' <Predicate = true> <Delay = 0.00> <Core = "FIFO">   --->   Core 32 'FIFO' <Latency = 0> <II = 1> <Delay = 2.16> <Storage> <Opcode : 'read' 'write' 'nbread' 'nbwrite'> <Ports = 0> <Width = 8> <Depth = 2> <FIFO>
ST_1 : Operation 22 [1/1] (0.00ns)   --->   "%sobel_g_rows_V_c28 = alloca i12, align 2"   --->   Operation 22 'alloca' 'sobel_g_rows_V_c28' <Predicate = true> <Delay = 0.00> <Core = "FIFO">   --->   Core 32 'FIFO' <Latency = 0> <II = 1> <Delay = 2.16> <Storage> <Opcode : 'read' 'write' 'nbread' 'nbwrite'> <Ports = 0> <Width = 8> <Depth = 2> <FIFO>
ST_1 : Operation 23 [1/1] (0.00ns)   --->   "%src_cols_V_c27 = alloca i12, align 2"   --->   Operation 23 'alloca' 'src_cols_V_c27' <Predicate = true> <Delay = 0.00> <Core = "FIFO">   --->   Core 32 'FIFO' <Latency = 0> <II = 1> <Delay = 2.16> <Storage> <Opcode : 'read' 'write' 'nbread' 'nbwrite'> <Ports = 0> <Width = 8> <Depth = 2> <FIFO>
ST_1 : Operation 24 [1/1] (0.00ns)   --->   "%src_rows_V_c26 = alloca i12, align 2"   --->   Operation 24 'alloca' 'src_rows_V_c26' <Predicate = true> <Delay = 0.00> <Core = "FIFO">   --->   Core 32 'FIFO' <Latency = 0> <II = 1> <Delay = 2.16> <Storage> <Opcode : 'read' 'write' 'nbread' 'nbwrite'> <Ports = 0> <Width = 8> <Depth = 2> <FIFO>
ST_1 : Operation 25 [1/1] (0.00ns)   --->   "%sobel_g_cols_V_c = alloca i12, align 2"   --->   Operation 25 'alloca' 'sobel_g_cols_V_c' <Predicate = true> <Delay = 0.00> <Core = "FIFO">   --->   Core 32 'FIFO' <Latency = 0> <II = 1> <Delay = 2.16> <Storage> <Opcode : 'read' 'write' 'nbread' 'nbwrite'> <Ports = 0> <Width = 8> <Depth = 2> <FIFO>
ST_1 : Operation 26 [1/1] (0.00ns)   --->   "%sobel_g_rows_V_c = alloca i12, align 2"   --->   Operation 26 'alloca' 'sobel_g_rows_V_c' <Predicate = true> <Delay = 0.00> <Core = "FIFO">   --->   Core 32 'FIFO' <Latency = 0> <II = 1> <Delay = 2.16> <Storage> <Opcode : 'read' 'write' 'nbread' 'nbwrite'> <Ports = 0> <Width = 8> <Depth = 2> <FIFO>
ST_1 : Operation 27 [1/1] (0.00ns)   --->   "%src_cols_V_c = alloca i12, align 2"   --->   Operation 27 'alloca' 'src_cols_V_c' <Predicate = true> <Delay = 0.00> <Core = "FIFO">   --->   Core 32 'FIFO' <Latency = 0> <II = 1> <Delay = 2.16> <Storage> <Opcode : 'read' 'write' 'nbread' 'nbwrite'> <Ports = 0> <Width = 8> <Depth = 2> <FIFO>
ST_1 : Operation 28 [1/1] (0.00ns)   --->   "%src_rows_V_c = alloca i12, align 2"   --->   Operation 28 'alloca' 'src_rows_V_c' <Predicate = true> <Delay = 0.00> <Core = "FIFO">   --->   Core 32 'FIFO' <Latency = 0> <II = 1> <Delay = 2.16> <Storage> <Opcode : 'read' 'write' 'nbread' 'nbwrite'> <Ports = 0> <Width = 8> <Depth = 2> <FIFO>
ST_1 : Operation 29 [1/1] (0.00ns)   --->   "%src_data_stream_0_V = alloca i8, align 1" [sobel_edge/src/sobel_operator.cpp:10]   --->   Operation 29 'alloca' 'src_data_stream_0_V' <Predicate = true> <Delay = 0.00> <Core = "FIFO">   --->   Core 32 'FIFO' <Latency = 0> <II = 1> <Delay = 2.16> <Storage> <Opcode : 'read' 'write' 'nbread' 'nbwrite'> <Ports = 0> <Width = 8> <Depth = 2> <FIFO>
ST_1 : Operation 30 [1/1] (0.00ns)   --->   "%src_data_stream_1_V = alloca i8, align 1" [sobel_edge/src/sobel_operator.cpp:10]   --->   Operation 30 'alloca' 'src_data_stream_1_V' <Predicate = true> <Delay = 0.00> <Core = "FIFO">   --->   Core 32 'FIFO' <Latency = 0> <II = 1> <Delay = 2.16> <Storage> <Opcode : 'read' 'write' 'nbread' 'nbwrite'> <Ports = 0> <Width = 8> <Depth = 2> <FIFO>
ST_1 : Operation 31 [1/1] (0.00ns)   --->   "%src_data_stream_2_V = alloca i8, align 1" [sobel_edge/src/sobel_operator.cpp:10]   --->   Operation 31 'alloca' 'src_data_stream_2_V' <Predicate = true> <Delay = 0.00> <Core = "FIFO">   --->   Core 32 'FIFO' <Latency = 0> <II = 1> <Delay = 2.16> <Storage> <Opcode : 'read' 'write' 'nbread' 'nbwrite'> <Ports = 0> <Width = 8> <Depth = 2> <FIFO>
ST_1 : Operation 32 [1/1] (0.00ns)   --->   "%gray_data_stream_0_s = alloca i8, align 1" [sobel_edge/src/sobel_operator.cpp:11]   --->   Operation 32 'alloca' 'gray_data_stream_0_s' <Predicate = true> <Delay = 0.00> <Core = "FIFO">   --->   Core 32 'FIFO' <Latency = 0> <II = 1> <Delay = 2.16> <Storage> <Opcode : 'read' 'write' 'nbread' 'nbwrite'> <Ports = 0> <Width = 8> <Depth = 2> <FIFO>
ST_1 : Operation 33 [1/1] (0.00ns)   --->   "%blurred_data_stream_s = alloca i8, align 1" [sobel_edge/src/sobel_operator.cpp:12]   --->   Operation 33 'alloca' 'blurred_data_stream_s' <Predicate = true> <Delay = 0.00> <Core = "FIFO">   --->   Core 32 'FIFO' <Latency = 0> <II = 1> <Delay = 2.16> <Storage> <Opcode : 'read' 'write' 'nbread' 'nbwrite'> <Ports = 0> <Width = 8> <Depth = 2> <FIFO>
ST_1 : Operation 34 [1/1] (0.00ns)   --->   "%gray1_data_stream_0 = alloca i8, align 1" [sobel_edge/src/sobel_operator.cpp:13]   --->   Operation 34 'alloca' 'gray1_data_stream_0' <Predicate = true> <Delay = 0.00> <Core = "FIFO">   --->   Core 32 'FIFO' <Latency = 0> <II = 1> <Delay = 2.16> <Storage> <Opcode : 'read' 'write' 'nbread' 'nbwrite'> <Ports = 0> <Width = 8> <Depth = 2> <FIFO>
ST_1 : Operation 35 [1/1] (0.00ns)   --->   "%gray2_data_stream_0 = alloca i8, align 1" [sobel_edge/src/sobel_operator.cpp:14]   --->   Operation 35 'alloca' 'gray2_data_stream_0' <Predicate = true> <Delay = 0.00> <Core = "FIFO">   --->   Core 32 'FIFO' <Latency = 0> <II = 1> <Delay = 2.16> <Storage> <Opcode : 'read' 'write' 'nbread' 'nbwrite'> <Ports = 0> <Width = 8> <Depth = 2> <FIFO>
ST_1 : Operation 36 [1/1] (0.00ns)   --->   "%sobel_x64_data_strea = alloca i16, align 2" [sobel_edge/src/sobel_operator.cpp:15]   --->   Operation 36 'alloca' 'sobel_x64_data_strea' <Predicate = true> <Delay = 0.00> <Core = "FIFO">   --->   Core 32 'FIFO' <Latency = 0> <II = 1> <Delay = 2.16> <Storage> <Opcode : 'read' 'write' 'nbread' 'nbwrite'> <Ports = 0> <Width = 8> <Depth = 2> <FIFO>
ST_1 : Operation 37 [1/1] (0.00ns)   --->   "%sobel_y64_data_strea = alloca i16, align 2" [sobel_edge/src/sobel_operator.cpp:16]   --->   Operation 37 'alloca' 'sobel_y64_data_strea' <Predicate = true> <Delay = 0.00> <Core = "FIFO">   --->   Core 32 'FIFO' <Latency = 0> <II = 1> <Delay = 2.16> <Storage> <Opcode : 'read' 'write' 'nbread' 'nbwrite'> <Ports = 0> <Width = 8> <Depth = 2> <FIFO>
ST_1 : Operation 38 [1/1] (0.00ns)   --->   "%sobel_x_data_stream_s = alloca i8, align 1" [sobel_edge/src/sobel_operator.cpp:17]   --->   Operation 38 'alloca' 'sobel_x_data_stream_s' <Predicate = true> <Delay = 0.00> <Core = "FIFO">   --->   Core 32 'FIFO' <Latency = 0> <II = 1> <Delay = 2.16> <Storage> <Opcode : 'read' 'write' 'nbread' 'nbwrite'> <Ports = 0> <Width = 8> <Depth = 2> <FIFO>
ST_1 : Operation 39 [1/1] (0.00ns)   --->   "%sobel_y_data_stream_s = alloca i8, align 1" [sobel_edge/src/sobel_operator.cpp:18]   --->   Operation 39 'alloca' 'sobel_y_data_stream_s' <Predicate = true> <Delay = 0.00> <Core = "FIFO">   --->   Core 32 'FIFO' <Latency = 0> <II = 1> <Delay = 2.16> <Storage> <Opcode : 'read' 'write' 'nbread' 'nbwrite'> <Ports = 0> <Width = 8> <Depth = 2> <FIFO>
ST_1 : Operation 40 [1/1] (0.00ns)   --->   "%sobel_g_data_stream_s = alloca i8, align 1" [sobel_edge/src/sobel_operator.cpp:19]   --->   Operation 40 'alloca' 'sobel_g_data_stream_s' <Predicate = true> <Delay = 0.00> <Core = "FIFO">   --->   Core 32 'FIFO' <Latency = 0> <II = 1> <Delay = 2.16> <Storage> <Opcode : 'read' 'write' 'nbread' 'nbwrite'> <Ports = 0> <Width = 8> <Depth = 2> <FIFO>
ST_1 : Operation 41 [1/1] (0.00ns)   --->   "%dst_data_stream_0_V = alloca i8, align 1" [sobel_edge/src/sobel_operator.cpp:20]   --->   Operation 41 'alloca' 'dst_data_stream_0_V' <Predicate = true> <Delay = 0.00> <Core = "FIFO">   --->   Core 32 'FIFO' <Latency = 0> <II = 1> <Delay = 2.16> <Storage> <Opcode : 'read' 'write' 'nbread' 'nbwrite'> <Ports = 0> <Width = 8> <Depth = 2> <FIFO>
ST_1 : Operation 42 [1/1] (0.00ns)   --->   "%dst_data_stream_1_V = alloca i8, align 1" [sobel_edge/src/sobel_operator.cpp:20]   --->   Operation 42 'alloca' 'dst_data_stream_1_V' <Predicate = true> <Delay = 0.00> <Core = "FIFO">   --->   Core 32 'FIFO' <Latency = 0> <II = 1> <Delay = 2.16> <Storage> <Opcode : 'read' 'write' 'nbread' 'nbwrite'> <Ports = 0> <Width = 8> <Depth = 2> <FIFO>
ST_1 : Operation 43 [1/1] (0.00ns)   --->   "%dst_data_stream_2_V = alloca i8, align 1" [sobel_edge/src/sobel_operator.cpp:20]   --->   Operation 43 'alloca' 'dst_data_stream_2_V' <Predicate = true> <Delay = 0.00> <Core = "FIFO">   --->   Core 32 'FIFO' <Latency = 0> <II = 1> <Delay = 2.16> <Storage> <Opcode : 'read' 'write' 'nbread' 'nbwrite'> <Ports = 0> <Width = 8> <Depth = 2> <FIFO>
ST_1 : Operation 44 [1/1] (0.00ns)   --->   "call fastcc void @Block__proc(i12* %src_rows_V_c, i12* %src_cols_V_c, i12* %sobel_g_rows_V_c, i12* %sobel_g_cols_V_c)"   --->   Operation 44 'call' <Predicate = true> <Delay = 0.00> <CoreType = "Generic">   --->   Core 0 '' <Latency = 0> <II = 1> <Delay = 1.00> <Generic> <Opcode : >

State 2 <SV = 1> <Delay = 0.00>
ST_2 : Operation 45 [2/2] (0.00ns)   --->   "call fastcc void @AXIvideo2Mat(i24* %INPUT_STREAM_V_data_V, i3* %INPUT_STREAM_V_keep_V, i3* %INPUT_STREAM_V_strb_V, i1* %INPUT_STREAM_V_user_V, i1* %INPUT_STREAM_V_last_V, i1* %INPUT_STREAM_V_id_V, i1* %INPUT_STREAM_V_dest_V, i12* nocapture %src_rows_V_c, i12* nocapture %src_cols_V_c, i8* %src_data_stream_0_V, i8* %src_data_stream_1_V, i8* %src_data_stream_2_V, i12* %src_rows_V_c26, i12* %src_cols_V_c27)" [sobel_edge/src/sobel_operator.cpp:23]   --->   Operation 45 'call' <Predicate = true> <Delay = 0.00> <CoreType = "Generic">   --->   Core 0 '' <Latency = 0> <II = 1> <Delay = 1.00> <Generic> <Opcode : >

State 3 <SV = 2> <Delay = 0.00>
ST_3 : Operation 46 [1/2] (0.00ns)   --->   "call fastcc void @AXIvideo2Mat(i24* %INPUT_STREAM_V_data_V, i3* %INPUT_STREAM_V_keep_V, i3* %INPUT_STREAM_V_strb_V, i1* %INPUT_STREAM_V_user_V, i1* %INPUT_STREAM_V_last_V, i1* %INPUT_STREAM_V_id_V, i1* %INPUT_STREAM_V_dest_V, i12* nocapture %src_rows_V_c, i12* nocapture %src_cols_V_c, i8* %src_data_stream_0_V, i8* %src_data_stream_1_V, i8* %src_data_stream_2_V, i12* %src_rows_V_c26, i12* %src_cols_V_c27)" [sobel_edge/src/sobel_operator.cpp:23]   --->   Operation 46 'call' <Predicate = true> <Delay = 0.00> <CoreType = "Generic">   --->   Core 0 '' <Latency = 0> <II = 1> <Delay = 1.00> <Generic> <Opcode : >

State 4 <SV = 3> <Delay = 0.00>
ST_4 : Operation 47 [2/2] (0.00ns)   --->   "call fastcc void @CvtColor.1(i12* nocapture %src_rows_V_c26, i12* nocapture %src_cols_V_c27, i8* %src_data_stream_0_V, i8* %src_data_stream_1_V, i8* %src_data_stream_2_V, i8* %gray_data_stream_0_s)" [sobel_edge/src/sobel_operator.cpp:24]   --->   Operation 47 'call' <Predicate = true> <Delay = 0.00> <CoreType = "Generic">   --->   Core 0 '' <Latency = 0> <II = 1> <Delay = 1.00> <Generic> <Opcode : >

State 5 <SV = 4> <Delay = 0.00>
ST_5 : Operation 48 [1/2] (0.00ns)   --->   "call fastcc void @CvtColor.1(i12* nocapture %src_rows_V_c26, i12* nocapture %src_cols_V_c27, i8* %src_data_stream_0_V, i8* %src_data_stream_1_V, i8* %src_data_stream_2_V, i8* %gray_data_stream_0_s)" [sobel_edge/src/sobel_operator.cpp:24]   --->   Operation 48 'call' <Predicate = true> <Delay = 0.00> <CoreType = "Generic">   --->   Core 0 '' <Latency = 0> <II = 1> <Delay = 1.00> <Generic> <Opcode : >

State 6 <SV = 5> <Delay = 0.00>
ST_6 : Operation 49 [2/2] (0.00ns)   --->   "call fastcc void @GaussianBlur(i8* %gray_data_stream_0_s, i8* %blurred_data_stream_s)" [sobel_edge/src/sobel_operator.cpp:25]   --->   Operation 49 'call' <Predicate = true> <Delay = 0.00> <CoreType = "Generic">   --->   Core 0 '' <Latency = 0> <II = 1> <Delay = 1.00> <Generic> <Opcode : >

State 7 <SV = 6> <Delay = 0.00>
ST_7 : Operation 50 [1/2] (0.00ns)   --->   "call fastcc void @GaussianBlur(i8* %gray_data_stream_0_s, i8* %blurred_data_stream_s)" [sobel_edge/src/sobel_operator.cpp:25]   --->   Operation 50 'call' <Predicate = true> <Delay = 0.00> <CoreType = "Generic">   --->   Core 0 '' <Latency = 0> <II = 1> <Delay = 1.00> <Generic> <Opcode : >

State 8 <SV = 7> <Delay = 0.00>
ST_8 : Operation 51 [2/2] (0.00ns)   --->   "call fastcc void @Duplicate(i8* %blurred_data_stream_s, i8* %gray1_data_stream_0, i8* %gray2_data_stream_0)" [sobel_edge/src/sobel_operator.cpp:26]   --->   Operation 51 'call' <Predicate = true> <Delay = 0.00> <CoreType = "Generic">   --->   Core 0 '' <Latency = 0> <II = 1> <Delay = 1.00> <Generic> <Opcode : >

State 9 <SV = 8> <Delay = 0.00>
ST_9 : Operation 52 [1/2] (0.00ns)   --->   "call fastcc void @Duplicate(i8* %blurred_data_stream_s, i8* %gray1_data_stream_0, i8* %gray2_data_stream_0)" [sobel_edge/src/sobel_operator.cpp:26]   --->   Operation 52 'call' <Predicate = true> <Delay = 0.00> <CoreType = "Generic">   --->   Core 0 '' <Latency = 0> <II = 1> <Delay = 1.00> <Generic> <Opcode : >

State 10 <SV = 9> <Delay = 0.00>
ST_10 : Operation 53 [2/2] (0.00ns)   --->   "call fastcc void @Sobel(i8* %gray1_data_stream_0, i16* %sobel_x64_data_strea)" [sobel_edge/src/sobel_operator.cpp:27]   --->   Operation 53 'call' <Predicate = true> <Delay = 0.00> <CoreType = "Generic">   --->   Core 0 '' <Latency = 0> <II = 1> <Delay = 1.00> <Generic> <Opcode : >
ST_10 : Operation 54 [2/2] (0.00ns)   --->   "call fastcc void @Sobel.1(i8* %gray2_data_stream_0, i16* %sobel_y64_data_strea)" [sobel_edge/src/sobel_operator.cpp:28]   --->   Operation 54 'call' <Predicate = true> <Delay = 0.00> <CoreType = "Generic">   --->   Core 0 '' <Latency = 0> <II = 1> <Delay = 1.00> <Generic> <Opcode : >

State 11 <SV = 10> <Delay = 0.00>
ST_11 : Operation 55 [1/2] (0.00ns)   --->   "call fastcc void @Sobel(i8* %gray1_data_stream_0, i16* %sobel_x64_data_strea)" [sobel_edge/src/sobel_operator.cpp:27]   --->   Operation 55 'call' <Predicate = true> <Delay = 0.00> <CoreType = "Generic">   --->   Core 0 '' <Latency = 0> <II = 1> <Delay = 1.00> <Generic> <Opcode : >
ST_11 : Operation 56 [1/2] (0.00ns)   --->   "call fastcc void @Sobel.1(i8* %gray2_data_stream_0, i16* %sobel_y64_data_strea)" [sobel_edge/src/sobel_operator.cpp:28]   --->   Operation 56 'call' <Predicate = true> <Delay = 0.00> <CoreType = "Generic">   --->   Core 0 '' <Latency = 0> <II = 1> <Delay = 1.00> <Generic> <Opcode : >

State 12 <SV = 11> <Delay = 0.00>
ST_12 : Operation 57 [2/2] (0.00ns)   --->   "call fastcc void @ConvertScaleAbs273(i16* %sobel_x64_data_strea, i8* %sobel_x_data_stream_s)" [sobel_edge/src/sobel_operator.cpp:29]   --->   Operation 57 'call' <Predicate = true> <Delay = 0.00> <CoreType = "Generic">   --->   Core 0 '' <Latency = 0> <II = 1> <Delay = 1.00> <Generic> <Opcode : >
ST_12 : Operation 58 [2/2] (0.00ns)   --->   "call fastcc void @ConvertScaleAbs(i16* %sobel_y64_data_strea, i8* %sobel_y_data_stream_s)" [sobel_edge/src/sobel_operator.cpp:30]   --->   Operation 58 'call' <Predicate = true> <Delay = 0.00> <CoreType = "Generic">   --->   Core 0 '' <Latency = 0> <II = 1> <Delay = 1.00> <Generic> <Opcode : >

State 13 <SV = 12> <Delay = 0.00>
ST_13 : Operation 59 [1/2] (0.00ns)   --->   "call fastcc void @ConvertScaleAbs273(i16* %sobel_x64_data_strea, i8* %sobel_x_data_stream_s)" [sobel_edge/src/sobel_operator.cpp:29]   --->   Operation 59 'call' <Predicate = true> <Delay = 0.00> <CoreType = "Generic">   --->   Core 0 '' <Latency = 0> <II = 1> <Delay = 1.00> <Generic> <Opcode : >
ST_13 : Operation 60 [1/2] (0.00ns)   --->   "call fastcc void @ConvertScaleAbs(i16* %sobel_y64_data_strea, i8* %sobel_y_data_stream_s)" [sobel_edge/src/sobel_operator.cpp:30]   --->   Operation 60 'call' <Predicate = true> <Delay = 0.00> <CoreType = "Generic">   --->   Core 0 '' <Latency = 0> <II = 1> <Delay = 1.00> <Generic> <Opcode : >

State 14 <SV = 13> <Delay = 0.00>
ST_14 : Operation 61 [2/2] (0.00ns)   --->   "call fastcc void @AddWeighted(i8* %sobel_x_data_stream_s, i8* %sobel_y_data_stream_s, i12* nocapture %sobel_g_rows_V_c, i12* nocapture %sobel_g_cols_V_c, i8* %sobel_g_data_stream_s, i12* %sobel_g_rows_V_c28, i12* %sobel_g_cols_V_c29)" [sobel_edge/src/sobel_operator.cpp:31]   --->   Operation 61 'call' <Predicate = true> <Delay = 0.00> <CoreType = "Generic">   --->   Core 0 '' <Latency = 0> <II = 1> <Delay = 1.00> <Generic> <Opcode : >

State 15 <SV = 14> <Delay = 0.00>
ST_15 : Operation 62 [1/2] (0.00ns)   --->   "call fastcc void @AddWeighted(i8* %sobel_x_data_stream_s, i8* %sobel_y_data_stream_s, i12* nocapture %sobel_g_rows_V_c, i12* nocapture %sobel_g_cols_V_c, i8* %sobel_g_data_stream_s, i12* %sobel_g_rows_V_c28, i12* %sobel_g_cols_V_c29)" [sobel_edge/src/sobel_operator.cpp:31]   --->   Operation 62 'call' <Predicate = true> <Delay = 0.00> <CoreType = "Generic">   --->   Core 0 '' <Latency = 0> <II = 1> <Delay = 1.00> <Generic> <Opcode : >

State 16 <SV = 15> <Delay = 0.00>
ST_16 : Operation 63 [2/2] (0.00ns)   --->   "call fastcc void @CvtColor(i12* nocapture %sobel_g_rows_V_c28, i12* nocapture %sobel_g_cols_V_c29, i8* %sobel_g_data_stream_s, i8* %dst_data_stream_0_V, i8* %dst_data_stream_1_V, i8* %dst_data_stream_2_V)" [sobel_edge/src/sobel_operator.cpp:32]   --->   Operation 63 'call' <Predicate = true> <Delay = 0.00> <CoreType = "Generic">   --->   Core 0 '' <Latency = 0> <II = 1> <Delay = 1.00> <Generic> <Opcode : >

State 17 <SV = 16> <Delay = 0.00>
ST_17 : Operation 64 [1/2] (0.00ns)   --->   "call fastcc void @CvtColor(i12* nocapture %sobel_g_rows_V_c28, i12* nocapture %sobel_g_cols_V_c29, i8* %sobel_g_data_stream_s, i8* %dst_data_stream_0_V, i8* %dst_data_stream_1_V, i8* %dst_data_stream_2_V)" [sobel_edge/src/sobel_operator.cpp:32]   --->   Operation 64 'call' <Predicate = true> <Delay = 0.00> <CoreType = "Generic">   --->   Core 0 '' <Latency = 0> <II = 1> <Delay = 1.00> <Generic> <Opcode : >

State 18 <SV = 17> <Delay = 0.00>
ST_18 : Operation 65 [2/2] (0.00ns)   --->   "call fastcc void @Mat2AXIvideo(i8* %dst_data_stream_0_V, i8* %dst_data_stream_1_V, i8* %dst_data_stream_2_V, i24* %OUTPUT_STREAM_V_data_V, i3* %OUTPUT_STREAM_V_keep_V, i3* %OUTPUT_STREAM_V_strb_V, i1* %OUTPUT_STREAM_V_user_V, i1* %OUTPUT_STREAM_V_last_V, i1* %OUTPUT_STREAM_V_id_V, i1* %OUTPUT_STREAM_V_dest_V)" [sobel_edge/src/sobel_operator.cpp:33]   --->   Operation 65 'call' <Predicate = true> <Delay = 0.00> <CoreType = "Generic">   --->   Core 0 '' <Latency = 0> <II = 1> <Delay = 1.00> <Generic> <Opcode : >

State 19 <SV = 18> <Delay = 0.00>
ST_19 : Operation 66 [1/2] (0.00ns)   --->   "call fastcc void @Mat2AXIvideo(i8* %dst_data_stream_0_V, i8* %dst_data_stream_1_V, i8* %dst_data_stream_2_V, i24* %OUTPUT_STREAM_V_data_V, i3* %OUTPUT_STREAM_V_keep_V, i3* %OUTPUT_STREAM_V_strb_V, i1* %OUTPUT_STREAM_V_user_V, i1* %OUTPUT_STREAM_V_last_V, i1* %OUTPUT_STREAM_V_id_V, i1* %OUTPUT_STREAM_V_dest_V)" [sobel_edge/src/sobel_operator.cpp:33]   --->   Operation 66 'call' <Predicate = true> <Delay = 0.00> <CoreType = "Generic">   --->   Core 0 '' <Latency = 0> <II = 1> <Delay = 1.00> <Generic> <Opcode : >

State 20 <SV = 19> <Delay = 0.00>
ST_20 : Operation 67 [1/1] (0.00ns)   --->   "call void (...)* @_ssdm_op_SpecDataflowPipeline(i32 -1, i32 0, [1 x i8]* @p_str2) nounwind" [sobel_edge/src/sobel_operator.cpp:22]   --->   Operation 67 'specdataflowpipeline' <Predicate = true> <Delay = 0.00>
ST_20 : Operation 68 [1/1] (0.00ns)   --->   "call void (...)* @_ssdm_op_SpecBitsMap(i24* %INPUT_STREAM_V_data_V), !map !457"   --->   Operation 68 'specbitsmap' <Predicate = true> <Delay = 0.00>
ST_20 : Operation 69 [1/1] (0.00ns)   --->   "call void (...)* @_ssdm_op_SpecBitsMap(i3* %INPUT_STREAM_V_keep_V), !map !461"   --->   Operation 69 'specbitsmap' <Predicate = true> <Delay = 0.00>
ST_20 : Operation 70 [1/1] (0.00ns)   --->   "call void (...)* @_ssdm_op_SpecBitsMap(i3* %INPUT_STREAM_V_strb_V), !map !465"   --->   Operation 70 'specbitsmap' <Predicate = true> <Delay = 0.00>
ST_20 : Operation 71 [1/1] (0.00ns)   --->   "call void (...)* @_ssdm_op_SpecBitsMap(i1* %INPUT_STREAM_V_user_V), !map !469"   --->   Operation 71 'specbitsmap' <Predicate = true> <Delay = 0.00>
ST_20 : Operation 72 [1/1] (0.00ns)   --->   "call void (...)* @_ssdm_op_SpecBitsMap(i1* %INPUT_STREAM_V_last_V), !map !473"   --->   Operation 72 'specbitsmap' <Predicate = true> <Delay = 0.00>
ST_20 : Operation 73 [1/1] (0.00ns)   --->   "call void (...)* @_ssdm_op_SpecBitsMap(i1* %INPUT_STREAM_V_id_V), !map !477"   --->   Operation 73 'specbitsmap' <Predicate = true> <Delay = 0.00>
ST_20 : Operation 74 [1/1] (0.00ns)   --->   "call void (...)* @_ssdm_op_SpecBitsMap(i1* %INPUT_STREAM_V_dest_V), !map !481"   --->   Operation 74 'specbitsmap' <Predicate = true> <Delay = 0.00>
ST_20 : Operation 75 [1/1] (0.00ns)   --->   "call void (...)* @_ssdm_op_SpecBitsMap(i24* %OUTPUT_STREAM_V_data_V), !map !485"   --->   Operation 75 'specbitsmap' <Predicate = true> <Delay = 0.00>
ST_20 : Operation 76 [1/1] (0.00ns)   --->   "call void (...)* @_ssdm_op_SpecBitsMap(i3* %OUTPUT_STREAM_V_keep_V), !map !489"   --->   Operation 76 'specbitsmap' <Predicate = true> <Delay = 0.00>
ST_20 : Operation 77 [1/1] (0.00ns)   --->   "call void (...)* @_ssdm_op_SpecBitsMap(i3* %OUTPUT_STREAM_V_strb_V), !map !493"   --->   Operation 77 'specbitsmap' <Predicate = true> <Delay = 0.00>
ST_20 : Operation 78 [1/1] (0.00ns)   --->   "call void (...)* @_ssdm_op_SpecBitsMap(i1* %OUTPUT_STREAM_V_user_V), !map !497"   --->   Operation 78 'specbitsmap' <Predicate = true> <Delay = 0.00>
ST_20 : Operation 79 [1/1] (0.00ns)   --->   "call void (...)* @_ssdm_op_SpecBitsMap(i1* %OUTPUT_STREAM_V_last_V), !map !501"   --->   Operation 79 'specbitsmap' <Predicate = true> <Delay = 0.00>
ST_20 : Operation 80 [1/1] (0.00ns)   --->   "call void (...)* @_ssdm_op_SpecBitsMap(i1* %OUTPUT_STREAM_V_id_V), !map !505"   --->   Operation 80 'specbitsmap' <Predicate = true> <Delay = 0.00>
ST_20 : Operation 81 [1/1] (0.00ns)   --->   "call void (...)* @_ssdm_op_SpecBitsMap(i1* %OUTPUT_STREAM_V_dest_V), !map !509"   --->   Operation 81 'specbitsmap' <Predicate = true> <Delay = 0.00>
ST_20 : Operation 82 [1/1] (0.00ns)   --->   "call void (...)* @_ssdm_op_SpecTopModule([12 x i8]* @sobel_accel_str) nounwind"   --->   Operation 82 'spectopmodule' <Predicate = true> <Delay = 0.00>
ST_20 : Operation 83 [1/1] (0.00ns)   --->   "%empty = call i32 (...)* @_ssdm_op_SpecChannel([21 x i8]* @src_OC_data_stream_L_2, i32 1, [1 x i8]* @p_str324, [1 x i8]* @p_str324, i32 2, i32 2, i8* %src_data_stream_0_V, i8* %src_data_stream_0_V)"   --->   Operation 83 'specchannel' 'empty' <Predicate = true> <Delay = 0.00>
ST_20 : Operation 84 [1/1] (0.00ns)   --->   "call void (...)* @_ssdm_op_SpecInterface(i8* %src_data_stream_0_V, [8 x i8]* @ap_fifo_str, i32 0, i32 0, [1 x i8]* @p_str325, i32 0, i32 0, [1 x i8]* @p_str326, [1 x i8]* @p_str327, [1 x i8]* @p_str328, i32 2, i32 2, i32 16, i32 16, [1 x i8]* @p_str329, [1 x i8]* @p_str330)"   --->   Operation 84 'specinterface' <Predicate = true> <Delay = 0.00>
ST_20 : Operation 85 [1/1] (0.00ns)   --->   "%empty_18 = call i32 (...)* @_ssdm_op_SpecChannel([21 x i8]* @src_OC_data_stream_L_1, i32 1, [1 x i8]* @p_str331, [1 x i8]* @p_str331, i32 2, i32 2, i8* %src_data_stream_1_V, i8* %src_data_stream_1_V)"   --->   Operation 85 'specchannel' 'empty_18' <Predicate = true> <Delay = 0.00>
ST_20 : Operation 86 [1/1] (0.00ns)   --->   "call void (...)* @_ssdm_op_SpecInterface(i8* %src_data_stream_1_V, [8 x i8]* @ap_fifo_str, i32 0, i32 0, [1 x i8]* @p_str332, i32 0, i32 0, [1 x i8]* @p_str333, [1 x i8]* @p_str334, [1 x i8]* @p_str335, i32 2, i32 2, i32 16, i32 16, [1 x i8]* @p_str336, [1 x i8]* @p_str337)"   --->   Operation 86 'specinterface' <Predicate = true> <Delay = 0.00>
ST_20 : Operation 87 [1/1] (0.00ns)   --->   "%empty_19 = call i32 (...)* @_ssdm_op_SpecChannel([21 x i8]* @src_OC_data_stream_L, i32 1, [1 x i8]* @p_str338, [1 x i8]* @p_str338, i32 2, i32 2, i8* %src_data_stream_2_V, i8* %src_data_stream_2_V)"   --->   Operation 87 'specchannel' 'empty_19' <Predicate = true> <Delay = 0.00>
ST_20 : Operation 88 [1/1] (0.00ns)   --->   "call void (...)* @_ssdm_op_SpecInterface(i8* %src_data_stream_2_V, [8 x i8]* @ap_fifo_str, i32 0, i32 0, [1 x i8]* @p_str339, i32 0, i32 0, [1 x i8]* @p_str340, [1 x i8]* @p_str341, [1 x i8]* @p_str342, i32 2, i32 2, i32 16, i32 16, [1 x i8]* @p_str343, [1 x i8]* @p_str344)"   --->   Operation 88 'specinterface' <Predicate = true> <Delay = 0.00>
ST_20 : Operation 89 [1/1] (0.00ns)   --->   "%empty_20 = call i32 (...)* @_ssdm_op_SpecChannel([22 x i8]* @gray_OC_data_stream_s, i32 1, [1 x i8]* @p_str345, [1 x i8]* @p_str345, i32 2, i32 2, i8* %gray_data_stream_0_s, i8* %gray_data_stream_0_s)"   --->   Operation 89 'specchannel' 'empty_20' <Predicate = true> <Delay = 0.00>
ST_20 : Operation 90 [1/1] (0.00ns)   --->   "call void (...)* @_ssdm_op_SpecInterface(i8* %gray_data_stream_0_s, [8 x i8]* @ap_fifo_str, i32 0, i32 0, [1 x i8]* @p_str346, i32 0, i32 0, [1 x i8]* @p_str347, [1 x i8]* @p_str348, [1 x i8]* @p_str349, i32 2, i32 2, i32 16, i32 16, [1 x i8]* @p_str350, [1 x i8]* @p_str351)"   --->   Operation 90 'specinterface' <Predicate = true> <Delay = 0.00>
ST_20 : Operation 91 [1/1] (0.00ns)   --->   "%empty_21 = call i32 (...)* @_ssdm_op_SpecChannel([25 x i8]* @blurred_OC_data_stre, i32 1, [1 x i8]* @p_str352, [1 x i8]* @p_str352, i32 2, i32 2, i8* %blurred_data_stream_s, i8* %blurred_data_stream_s)"   --->   Operation 91 'specchannel' 'empty_21' <Predicate = true> <Delay = 0.00>
ST_20 : Operation 92 [1/1] (0.00ns)   --->   "call void (...)* @_ssdm_op_SpecInterface(i8* %blurred_data_stream_s, [8 x i8]* @ap_fifo_str, i32 0, i32 0, [1 x i8]* @p_str353, i32 0, i32 0, [1 x i8]* @p_str354, [1 x i8]* @p_str355, [1 x i8]* @p_str356, i32 2, i32 2, i32 16, i32 16, [1 x i8]* @p_str357, [1 x i8]* @p_str358)"   --->   Operation 92 'specinterface' <Predicate = true> <Delay = 0.00>
ST_20 : Operation 93 [1/1] (0.00ns)   --->   "%empty_22 = call i32 (...)* @_ssdm_op_SpecChannel([23 x i8]* @gray1_OC_data_stream, i32 1, [1 x i8]* @p_str359, [1 x i8]* @p_str359, i32 2, i32 2, i8* %gray1_data_stream_0, i8* %gray1_data_stream_0)"   --->   Operation 93 'specchannel' 'empty_22' <Predicate = true> <Delay = 0.00>
ST_20 : Operation 94 [1/1] (0.00ns)   --->   "call void (...)* @_ssdm_op_SpecInterface(i8* %gray1_data_stream_0, [8 x i8]* @ap_fifo_str, i32 0, i32 0, [1 x i8]* @p_str360, i32 0, i32 0, [1 x i8]* @p_str361, [1 x i8]* @p_str362, [1 x i8]* @p_str363, i32 2, i32 2, i32 16, i32 16, [1 x i8]* @p_str364, [1 x i8]* @p_str365)"   --->   Operation 94 'specinterface' <Predicate = true> <Delay = 0.00>
ST_20 : Operation 95 [1/1] (0.00ns)   --->   "%empty_23 = call i32 (...)* @_ssdm_op_SpecChannel([23 x i8]* @gray2_OC_data_stream, i32 1, [1 x i8]* @p_str366, [1 x i8]* @p_str366, i32 2, i32 2, i8* %gray2_data_stream_0, i8* %gray2_data_stream_0)"   --->   Operation 95 'specchannel' 'empty_23' <Predicate = true> <Delay = 0.00>
ST_20 : Operation 96 [1/1] (0.00ns)   --->   "call void (...)* @_ssdm_op_SpecInterface(i8* %gray2_data_stream_0, [8 x i8]* @ap_fifo_str, i32 0, i32 0, [1 x i8]* @p_str367, i32 0, i32 0, [1 x i8]* @p_str368, [1 x i8]* @p_str369, [1 x i8]* @p_str370, i32 2, i32 2, i32 16, i32 16, [1 x i8]* @p_str371, [1 x i8]* @p_str372)"   --->   Operation 96 'specinterface' <Predicate = true> <Delay = 0.00>
ST_20 : Operation 97 [1/1] (0.00ns)   --->   "%empty_24 = call i32 (...)* @_ssdm_op_SpecChannel([27 x i8]* @sobel_x64_OC_data_st, i32 1, [1 x i8]* @p_str373, [1 x i8]* @p_str373, i32 2, i32 2, i16* %sobel_x64_data_strea, i16* %sobel_x64_data_strea)"   --->   Operation 97 'specchannel' 'empty_24' <Predicate = true> <Delay = 0.00>
ST_20 : Operation 98 [1/1] (0.00ns)   --->   "call void (...)* @_ssdm_op_SpecInterface(i16* %sobel_x64_data_strea, [8 x i8]* @ap_fifo_str, i32 0, i32 0, [1 x i8]* @p_str374, i32 0, i32 0, [1 x i8]* @p_str375, [1 x i8]* @p_str376, [1 x i8]* @p_str377, i32 2, i32 2, i32 16, i32 16, [1 x i8]* @p_str378, [1 x i8]* @p_str379)"   --->   Operation 98 'specinterface' <Predicate = true> <Delay = 0.00>
ST_20 : Operation 99 [1/1] (0.00ns)   --->   "%empty_25 = call i32 (...)* @_ssdm_op_SpecChannel([27 x i8]* @sobel_y64_OC_data_st, i32 1, [1 x i8]* @p_str380, [1 x i8]* @p_str380, i32 2, i32 2, i16* %sobel_y64_data_strea, i16* %sobel_y64_data_strea)"   --->   Operation 99 'specchannel' 'empty_25' <Predicate = true> <Delay = 0.00>
ST_20 : Operation 100 [1/1] (0.00ns)   --->   "call void (...)* @_ssdm_op_SpecInterface(i16* %sobel_y64_data_strea, [8 x i8]* @ap_fifo_str, i32 0, i32 0, [1 x i8]* @p_str381, i32 0, i32 0, [1 x i8]* @p_str382, [1 x i8]* @p_str383, [1 x i8]* @p_str384, i32 2, i32 2, i32 16, i32 16, [1 x i8]* @p_str385, [1 x i8]* @p_str386)"   --->   Operation 100 'specinterface' <Predicate = true> <Delay = 0.00>
ST_20 : Operation 101 [1/1] (0.00ns)   --->   "%empty_26 = call i32 (...)* @_ssdm_op_SpecChannel([25 x i8]* @sobel_x_OC_data_stre, i32 1, [1 x i8]* @p_str387, [1 x i8]* @p_str387, i32 2, i32 2, i8* %sobel_x_data_stream_s, i8* %sobel_x_data_stream_s)"   --->   Operation 101 'specchannel' 'empty_26' <Predicate = true> <Delay = 0.00>
ST_20 : Operation 102 [1/1] (0.00ns)   --->   "call void (...)* @_ssdm_op_SpecInterface(i8* %sobel_x_data_stream_s, [8 x i8]* @ap_fifo_str, i32 0, i32 0, [1 x i8]* @p_str388, i32 0, i32 0, [1 x i8]* @p_str389, [1 x i8]* @p_str390, [1 x i8]* @p_str391, i32 2, i32 2, i32 16, i32 16, [1 x i8]* @p_str392, [1 x i8]* @p_str393)"   --->   Operation 102 'specinterface' <Predicate = true> <Delay = 0.00>
ST_20 : Operation 103 [1/1] (0.00ns)   --->   "%empty_27 = call i32 (...)* @_ssdm_op_SpecChannel([25 x i8]* @sobel_y_OC_data_stre, i32 1, [1 x i8]* @p_str394, [1 x i8]* @p_str394, i32 2, i32 2, i8* %sobel_y_data_stream_s, i8* %sobel_y_data_stream_s)"   --->   Operation 103 'specchannel' 'empty_27' <Predicate = true> <Delay = 0.00>
ST_20 : Operation 104 [1/1] (0.00ns)   --->   "call void (...)* @_ssdm_op_SpecInterface(i8* %sobel_y_data_stream_s, [8 x i8]* @ap_fifo_str, i32 0, i32 0, [1 x i8]* @p_str395, i32 0, i32 0, [1 x i8]* @p_str396, [1 x i8]* @p_str397, [1 x i8]* @p_str398, i32 2, i32 2, i32 16, i32 16, [1 x i8]* @p_str399, [1 x i8]* @p_str400)"   --->   Operation 104 'specinterface' <Predicate = true> <Delay = 0.00>
ST_20 : Operation 105 [1/1] (0.00ns)   --->   "%empty_28 = call i32 (...)* @_ssdm_op_SpecChannel([25 x i8]* @sobel_g_OC_data_stre, i32 1, [1 x i8]* @p_str401, [1 x i8]* @p_str401, i32 2, i32 2, i8* %sobel_g_data_stream_s, i8* %sobel_g_data_stream_s)"   --->   Operation 105 'specchannel' 'empty_28' <Predicate = true> <Delay = 0.00>
ST_20 : Operation 106 [1/1] (0.00ns)   --->   "call void (...)* @_ssdm_op_SpecInterface(i8* %sobel_g_data_stream_s, [8 x i8]* @ap_fifo_str, i32 0, i32 0, [1 x i8]* @p_str402, i32 0, i32 0, [1 x i8]* @p_str403, [1 x i8]* @p_str404, [1 x i8]* @p_str405, i32 2, i32 2, i32 16, i32 16, [1 x i8]* @p_str406, [1 x i8]* @p_str407)"   --->   Operation 106 'specinterface' <Predicate = true> <Delay = 0.00>
ST_20 : Operation 107 [1/1] (0.00ns)   --->   "%empty_29 = call i32 (...)* @_ssdm_op_SpecChannel([21 x i8]* @dst_OC_data_stream_L_2, i32 1, [1 x i8]* @p_str408, [1 x i8]* @p_str408, i32 2, i32 2, i8* %dst_data_stream_0_V, i8* %dst_data_stream_0_V)"   --->   Operation 107 'specchannel' 'empty_29' <Predicate = true> <Delay = 0.00>
ST_20 : Operation 108 [1/1] (0.00ns)   --->   "call void (...)* @_ssdm_op_SpecInterface(i8* %dst_data_stream_0_V, [8 x i8]* @ap_fifo_str, i32 0, i32 0, [1 x i8]* @p_str409, i32 0, i32 0, [1 x i8]* @p_str410, [1 x i8]* @p_str411, [1 x i8]* @p_str412, i32 2, i32 2, i32 16, i32 16, [1 x i8]* @p_str413, [1 x i8]* @p_str414)"   --->   Operation 108 'specinterface' <Predicate = true> <Delay = 0.00>
ST_20 : Operation 109 [1/1] (0.00ns)   --->   "%empty_30 = call i32 (...)* @_ssdm_op_SpecChannel([21 x i8]* @dst_OC_data_stream_L_1, i32 1, [1 x i8]* @p_str415, [1 x i8]* @p_str415, i32 2, i32 2, i8* %dst_data_stream_1_V, i8* %dst_data_stream_1_V)"   --->   Operation 109 'specchannel' 'empty_30' <Predicate = true> <Delay = 0.00>
ST_20 : Operation 110 [1/1] (0.00ns)   --->   "call void (...)* @_ssdm_op_SpecInterface(i8* %dst_data_stream_1_V, [8 x i8]* @ap_fifo_str, i32 0, i32 0, [1 x i8]* @p_str416, i32 0, i32 0, [1 x i8]* @p_str417, [1 x i8]* @p_str418, [1 x i8]* @p_str419, i32 2, i32 2, i32 16, i32 16, [1 x i8]* @p_str420, [1 x i8]* @p_str421)"   --->   Operation 110 'specinterface' <Predicate = true> <Delay = 0.00>
ST_20 : Operation 111 [1/1] (0.00ns)   --->   "%empty_31 = call i32 (...)* @_ssdm_op_SpecChannel([21 x i8]* @dst_OC_data_stream_L, i32 1, [1 x i8]* @p_str422, [1 x i8]* @p_str422, i32 2, i32 2, i8* %dst_data_stream_2_V, i8* %dst_data_stream_2_V)"   --->   Operation 111 'specchannel' 'empty_31' <Predicate = true> <Delay = 0.00>
ST_20 : Operation 112 [1/1] (0.00ns)   --->   "call void (...)* @_ssdm_op_SpecInterface(i8* %dst_data_stream_2_V, [8 x i8]* @ap_fifo_str, i32 0, i32 0, [1 x i8]* @p_str423, i32 0, i32 0, [1 x i8]* @p_str424, [1 x i8]* @p_str425, [1 x i8]* @p_str426, i32 2, i32 2, i32 16, i32 16, [1 x i8]* @p_str427, [1 x i8]* @p_str428)"   --->   Operation 112 'specinterface' <Predicate = true> <Delay = 0.00>
ST_20 : Operation 113 [1/1] (0.00ns)   --->   "call void (...)* @_ssdm_op_SpecInterface(i24* %INPUT_STREAM_V_data_V, i3* %INPUT_STREAM_V_keep_V, i3* %INPUT_STREAM_V_strb_V, i1* %INPUT_STREAM_V_user_V, i1* %INPUT_STREAM_V_last_V, i1* %INPUT_STREAM_V_id_V, i1* %INPUT_STREAM_V_dest_V, [5 x i8]* @p_str, i32 1, i32 1, [5 x i8]* @p_str1, i32 0, i32 0, [1 x i8]* @p_str2, [1 x i8]* @p_str2, [1 x i8]* @p_str2, i32 0, i32 0, i32 0, i32 0, [1 x i8]* @p_str2, [1 x i8]* @p_str2) nounwind" [sobel_edge/src/sobel_operator.cpp:3]   --->   Operation 113 'specinterface' <Predicate = true> <Delay = 0.00>
ST_20 : Operation 114 [1/1] (0.00ns)   --->   "call void (...)* @_ssdm_op_SpecInterface(i24* %OUTPUT_STREAM_V_data_V, i3* %OUTPUT_STREAM_V_keep_V, i3* %OUTPUT_STREAM_V_strb_V, i1* %OUTPUT_STREAM_V_user_V, i1* %OUTPUT_STREAM_V_last_V, i1* %OUTPUT_STREAM_V_id_V, i1* %OUTPUT_STREAM_V_dest_V, [5 x i8]* @p_str, i32 1, i32 1, [5 x i8]* @p_str1, i32 0, i32 0, [1 x i8]* @p_str2, [1 x i8]* @p_str2, [1 x i8]* @p_str2, i32 0, i32 0, i32 0, i32 0, [1 x i8]* @p_str2, [1 x i8]* @p_str2) nounwind" [sobel_edge/src/sobel_operator.cpp:4]   --->   Operation 114 'specinterface' <Predicate = true> <Delay = 0.00>
ST_20 : Operation 115 [1/1] (0.00ns)   --->   "call void (...)* @_ssdm_op_SpecInterface(i32 0, [10 x i8]* @p_str3, i32 0, i32 0, [1 x i8]* @p_str2, i32 0, i32 0, [12 x i8]* @p_str4, [1 x i8]* @p_str2, [1 x i8]* @p_str2, i32 0, i32 0, i32 0, i32 0, [1 x i8]* @p_str2, [1 x i8]* @p_str2) nounwind" [sobel_edge/src/sobel_operator.cpp:5]   --->   Operation 115 'specinterface' <Predicate = true> <Delay = 0.00>
ST_20 : Operation 116 [1/1] (0.00ns)   --->   "%empty_32 = call i32 (...)* @_ssdm_op_SpecChannel([13 x i8]* @src_OC_rows_OC_V_c_s, i32 1, [1 x i8]* @p_str454, [1 x i8]* @p_str454, i32 2, i32 0, i12* %src_rows_V_c, i12* %src_rows_V_c)"   --->   Operation 116 'specchannel' 'empty_32' <Predicate = true> <Delay = 0.00>
ST_20 : Operation 117 [1/1] (0.00ns)   --->   "call void (...)* @_ssdm_op_SpecInterface(i12* %src_rows_V_c, [8 x i8]* @ap_fifo_str, i32 0, i32 0, [1 x i8]* @p_str455, i32 0, i32 0, [1 x i8]* @p_str456, [1 x i8]* @p_str457, [1 x i8]* @p_str458, i32 2, i32 2, i32 16, i32 16, [1 x i8]* @p_str459, [1 x i8]* @p_str460)"   --->   Operation 117 'specinterface' <Predicate = true> <Delay = 0.00>
ST_20 : Operation 118 [1/1] (0.00ns)   --->   "%empty_33 = call i32 (...)* @_ssdm_op_SpecChannel([13 x i8]* @src_OC_cols_OC_V_c_s, i32 1, [1 x i8]* @p_str461, [1 x i8]* @p_str461, i32 2, i32 0, i12* %src_cols_V_c, i12* %src_cols_V_c)"   --->   Operation 118 'specchannel' 'empty_33' <Predicate = true> <Delay = 0.00>
ST_20 : Operation 119 [1/1] (0.00ns)   --->   "call void (...)* @_ssdm_op_SpecInterface(i12* %src_cols_V_c, [8 x i8]* @ap_fifo_str, i32 0, i32 0, [1 x i8]* @p_str462, i32 0, i32 0, [1 x i8]* @p_str463, [1 x i8]* @p_str464, [1 x i8]* @p_str465, i32 2, i32 2, i32 16, i32 16, [1 x i8]* @p_str466, [1 x i8]* @p_str467)"   --->   Operation 119 'specinterface' <Predicate = true> <Delay = 0.00>
ST_20 : Operation 120 [1/1] (0.00ns)   --->   "%empty_34 = call i32 (...)* @_ssdm_op_SpecChannel([17 x i8]* @sobel_g_OC_rows_OC_V_1, i32 1, [1 x i8]* @p_str468, [1 x i8]* @p_str468, i32 8, i32 0, i12* %sobel_g_rows_V_c, i12* %sobel_g_rows_V_c)"   --->   Operation 120 'specchannel' 'empty_34' <Predicate = true> <Delay = 0.00>
ST_20 : Operation 121 [1/1] (0.00ns)   --->   "call void (...)* @_ssdm_op_SpecInterface(i12* %sobel_g_rows_V_c, [8 x i8]* @ap_fifo_str, i32 0, i32 0, [1 x i8]* @p_str469, i32 0, i32 0, [1 x i8]* @p_str470, [1 x i8]* @p_str471, [1 x i8]* @p_str472, i32 2, i32 2, i32 16, i32 16, [1 x i8]* @p_str473, [1 x i8]* @p_str474)"   --->   Operation 121 'specinterface' <Predicate = true> <Delay = 0.00>
ST_20 : Operation 122 [1/1] (0.00ns)   --->   "%empty_35 = call i32 (...)* @_ssdm_op_SpecChannel([17 x i8]* @sobel_g_OC_cols_OC_V_1, i32 1, [1 x i8]* @p_str475, [1 x i8]* @p_str475, i32 8, i32 0, i12* %sobel_g_cols_V_c, i12* %sobel_g_cols_V_c)"   --->   Operation 122 'specchannel' 'empty_35' <Predicate = true> <Delay = 0.00>
ST_20 : Operation 123 [1/1] (0.00ns)   --->   "call void (...)* @_ssdm_op_SpecInterface(i12* %sobel_g_cols_V_c, [8 x i8]* @ap_fifo_str, i32 0, i32 0, [1 x i8]* @p_str476, i32 0, i32 0, [1 x i8]* @p_str477, [1 x i8]* @p_str478, [1 x i8]* @p_str479, i32 2, i32 2, i32 16, i32 16, [1 x i8]* @p_str480, [1 x i8]* @p_str481)"   --->   Operation 123 'specinterface' <Predicate = true> <Delay = 0.00>
ST_20 : Operation 124 [1/1] (0.00ns)   --->   "%empty_36 = call i32 (...)* @_ssdm_op_SpecChannel([15 x i8]* @src_OC_rows_OC_V_c26, i32 1, [1 x i8]* @p_str503, [1 x i8]* @p_str503, i32 2, i32 0, i12* %src_rows_V_c26, i12* %src_rows_V_c26)"   --->   Operation 124 'specchannel' 'empty_36' <Predicate = true> <Delay = 0.00>
ST_20 : Operation 125 [1/1] (0.00ns)   --->   "call void (...)* @_ssdm_op_SpecInterface(i12* %src_rows_V_c26, [8 x i8]* @ap_fifo_str, i32 0, i32 0, [1 x i8]* @p_str504, i32 0, i32 0, [1 x i8]* @p_str505, [1 x i8]* @p_str506, [1 x i8]* @p_str507, i32 2, i32 2, i32 16, i32 16, [1 x i8]* @p_str508, [1 x i8]* @p_str509)"   --->   Operation 125 'specinterface' <Predicate = true> <Delay = 0.00>
ST_20 : Operation 126 [1/1] (0.00ns)   --->   "%empty_37 = call i32 (...)* @_ssdm_op_SpecChannel([15 x i8]* @src_OC_cols_OC_V_c27, i32 1, [1 x i8]* @p_str510, [1 x i8]* @p_str510, i32 2, i32 0, i12* %src_cols_V_c27, i12* %src_cols_V_c27)"   --->   Operation 126 'specchannel' 'empty_37' <Predicate = true> <Delay = 0.00>
ST_20 : Operation 127 [1/1] (0.00ns)   --->   "call void (...)* @_ssdm_op_SpecInterface(i12* %src_cols_V_c27, [8 x i8]* @ap_fifo_str, i32 0, i32 0, [1 x i8]* @p_str511, i32 0, i32 0, [1 x i8]* @p_str512, [1 x i8]* @p_str513, [1 x i8]* @p_str514, i32 2, i32 2, i32 16, i32 16, [1 x i8]* @p_str515, [1 x i8]* @p_str516)"   --->   Operation 127 'specinterface' <Predicate = true> <Delay = 0.00>
ST_20 : Operation 128 [1/1] (0.00ns)   --->   "%empty_38 = call i32 (...)* @_ssdm_op_SpecChannel([19 x i8]* @sobel_g_OC_rows_OC_V, i32 1, [1 x i8]* @p_str549, [1 x i8]* @p_str549, i32 2, i32 0, i12* %sobel_g_rows_V_c28, i12* %sobel_g_rows_V_c28)"   --->   Operation 128 'specchannel' 'empty_38' <Predicate = true> <Delay = 0.00>
ST_20 : Operation 129 [1/1] (0.00ns)   --->   "call void (...)* @_ssdm_op_SpecInterface(i12* %sobel_g_rows_V_c28, [8 x i8]* @ap_fifo_str, i32 0, i32 0, [1 x i8]* @p_str550, i32 0, i32 0, [1 x i8]* @p_str551, [1 x i8]* @p_str552, [1 x i8]* @p_str553, i32 2, i32 2, i32 16, i32 16, [1 x i8]* @p_str554, [1 x i8]* @p_str555)"   --->   Operation 129 'specinterface' <Predicate = true> <Delay = 0.00>
ST_20 : Operation 130 [1/1] (0.00ns)   --->   "%empty_39 = call i32 (...)* @_ssdm_op_SpecChannel([19 x i8]* @sobel_g_OC_cols_OC_V, i32 1, [1 x i8]* @p_str556, [1 x i8]* @p_str556, i32 2, i32 0, i12* %sobel_g_cols_V_c29, i12* %sobel_g_cols_V_c29)"   --->   Operation 130 'specchannel' 'empty_39' <Predicate = true> <Delay = 0.00>
ST_20 : Operation 131 [1/1] (0.00ns)   --->   "call void (...)* @_ssdm_op_SpecInterface(i12* %sobel_g_cols_V_c29, [8 x i8]* @ap_fifo_str, i32 0, i32 0, [1 x i8]* @p_str557, i32 0, i32 0, [1 x i8]* @p_str558, [1 x i8]* @p_str559, [1 x i8]* @p_str560, i32 2, i32 2, i32 16, i32 16, [1 x i8]* @p_str561, [1 x i8]* @p_str562)"   --->   Operation 131 'specinterface' <Predicate = true> <Delay = 0.00>
ST_20 : Operation 132 [1/1] (0.00ns)   --->   "ret void" [sobel_edge/src/sobel_operator.cpp:34]   --->   Operation 132 'ret' <Predicate = true> <Delay = 0.00>


============================================================
+ Verbose Summary: Timing violations
============================================================
Target clock period: 10ns, clock uncertainty: 1.25ns.

 <State 1>: 0ns
The critical path consists of the following:

 <State 2>: 0ns
The critical path consists of the following:

 <State 3>: 0ns
The critical path consists of the following:

 <State 4>: 0ns
The critical path consists of the following:

 <State 5>: 0ns
The critical path consists of the following:

 <State 6>: 0ns
The critical path consists of the following:

 <State 7>: 0ns
The critical path consists of the following:

 <State 8>: 0ns
The critical path consists of the following:

 <State 9>: 0ns
The critical path consists of the following:

 <State 10>: 0ns
The critical path consists of the following:

 <State 11>: 0ns
The critical path consists of the following:

 <State 12>: 0ns
The critical path consists of the following:

 <State 13>: 0ns
The critical path consists of the following:

 <State 14>: 0ns
The critical path consists of the following:

 <State 15>: 0ns
The critical path consists of the following:

 <State 16>: 0ns
The critical path consists of the following:

 <State 17>: 0ns
The critical path consists of the following:

 <State 18>: 0ns
The critical path consists of the following:

 <State 19>: 0ns
The critical path consists of the following:

 <State 20>: 0ns
The critical path consists of the following:


============================================================
+ Verbose Summary: Binding
============================================================
N/A
* FSMD analyzer results:
  - Output states:
 - Input state : 
  - Chain level:
	State 1
	State 2
	State 3
	State 4
	State 5
	State 6
	State 7
	State 8
	State 9
	State 10
	State 11
	State 12
	State 13
	State 14
	State 15
	State 16
	State 17
	State 18
	State 19
	State 20


============================================================
+ Verbose Summary: Datapath Resource usage 
============================================================
N/A
